<html>
<body>
<pre>
<h1>µVision Build Log</h1>
<h2>Tool Versions:</h2>
IDE-Version: ¦ÌVision V5.14.0.0
Copyright (C) 2015 ARM Ltd and ARM Germany GmbH. All rights reserved.
License Information: qw Windows, WORKGROUP, LIC=TIVEV-PENGP-KBAER-KBEKA-QM63F-VQ9IV
 
Tool Versions:
Toolchain:       MDK-ARM Standard  Version: 5.14.0.0
Toolchain Path:  C:\keil\ARM\ARMCC\Bin
C Compiler:      Armcc.exe V5.05 update 1 (build 106)
Assembler:       Armasm.exe V5.05 update 1 (build 106)
Linker/Locator:  ArmLink.exe V5.05 update 1 (build 106)
Library Manager: ArmAr.exe V5.05 update 1 (build 106)
Hex Converter:   FromElf.exe V5.05 update 1 (build 106)
CPU DLL:         SARMCM3.DLL V5.14.0.0
Dialog DLL:      DCM.DLL V1.13.1.0
Target DLL:      UL2CM3.DLL V1.155.0.0
Dialog DLL:      TCM.DLL V1.14.4.0
 
<h2>Project:</h2>
D:\Project\Piano_Ble\Code\Piano_Ble\pro\PianoBle.uvprojx
Project File Date:  04/06/2016

<h2>Output:</h2>
Rebuild target 'PianoBle'
assembling startup_stm32f10x_cl.s...
compiling system_stm32f10x.c...
compiling main.c...
compiling stm32f10x_it.c...
compiling usbh_hid_usr.c...
compiling usb_bsp.c...
compiling usbh_hid_midi.c...
compiling delay.c...
compiling gpio.c...
compiling usart.c...
compiling time.c...
compiling misc.c...
compiling stm32f10x_adc.c...
compiling stm32f10x_bkp.c...
compiling stm32f10x_gpio.c...
compiling stm32f10x_usart.c...
compiling stm32f10x_tim.c...
compiling stm32f10x_pwr.c...
compiling stm32f10x_exti.c...
compiling stm32f10x_rcc.c...
compiling usbh_core.c...
compiling usbh_hcs.c...
compiling usbh_ioreq.c...
compiling usbh_stdreq.c...
compiling usb_core.c...
compiling usb_hcd.c...
compiling usb_hcd_int.c...
linking...
Program Size: Code=18656 RO-data=388 RW-data=224 ZI-data=4696  
".\Objects\PianoBle.axf" - 0 Error(s), 0 Warning(s).

<h2>Collection of Component include folders:</h2>
  D:\Project\Piano_Ble\Code\Piano_Ble\pro\RTE
  C:\keil\ARM\PACK\Keil\STM32F1xx_DFP\1.1.0\Device\Include

<h2>Collection of Component Files used:</h2>
</pre>
</body>
</html>
