Component: ARM Compiler 5.05 update 1 (build 106) Tool: armlink [4d0efa]

==============================================================================

Section Cross References

    startup_stm32f10x_cl.o(STACK) refers (Special) to heapauxi.o(.text) for __use_two_region_memory
    startup_stm32f10x_cl.o(HEAP) refers (Special) to heapauxi.o(.text) for __use_two_region_memory
    startup_stm32f10x_cl.o(RESET) refers (Special) to heapauxi.o(.text) for __use_two_region_memory
    startup_stm32f10x_cl.o(RESET) refers to startup_stm32f10x_cl.o(STACK) for __initial_sp
    startup_stm32f10x_cl.o(RESET) refers to startup_stm32f10x_cl.o(.text) for Reset_Handler
    startup_stm32f10x_cl.o(RESET) refers to stm32f10x_it.o(i.NMI_Handler) for NMI_Handler
    startup_stm32f10x_cl.o(RESET) refers to stm32f10x_it.o(i.HardFault_Handler) for HardFault_Handler
    startup_stm32f10x_cl.o(RESET) refers to stm32f10x_it.o(i.MemManage_Handler) for MemManage_Handler
    startup_stm32f10x_cl.o(RESET) refers to stm32f10x_it.o(i.BusFault_Handler) for BusFault_Handler
    startup_stm32f10x_cl.o(RESET) refers to stm32f10x_it.o(i.UsageFault_Handler) for UsageFault_Handler
    startup_stm32f10x_cl.o(RESET) refers to stm32f10x_it.o(i.SVC_Handler) for SVC_Handler
    startup_stm32f10x_cl.o(RESET) refers to stm32f10x_it.o(i.DebugMon_Handler) for DebugMon_Handler
    startup_stm32f10x_cl.o(RESET) refers to stm32f10x_it.o(i.PendSV_Handler) for PendSV_Handler
    startup_stm32f10x_cl.o(RESET) refers to stm32f10x_it.o(i.SysTick_Handler) for SysTick_Handler
    startup_stm32f10x_cl.o(RESET) refers to stm32f10x_it.o(i.RTC_IRQHandler) for RTC_IRQHandler
    startup_stm32f10x_cl.o(RESET) refers to stm32f10x_it.o(i.EXTI0_IRQHandler) for EXTI0_IRQHandler
    startup_stm32f10x_cl.o(RESET) refers to stm32f10x_it.o(i.EXTI1_IRQHandler) for EXTI1_IRQHandler
    startup_stm32f10x_cl.o(RESET) refers to stm32f10x_it.o(i.EXTI9_5_IRQHandler) for EXTI9_5_IRQHandler
    startup_stm32f10x_cl.o(RESET) refers to stm32f10x_it.o(i.TIM2_IRQHandler) for TIM2_IRQHandler
    startup_stm32f10x_cl.o(RESET) refers to time.o(i.TIM3_IRQHandler) for TIM3_IRQHandler
    startup_stm32f10x_cl.o(RESET) refers to usart.o(i.USART2_IRQHandler) for USART2_IRQHandler
    startup_stm32f10x_cl.o(RESET) refers to stm32f10x_it.o(i.OTG_FS_IRQHandler) for OTG_FS_IRQHandler
    startup_stm32f10x_cl.o(.text) refers (Special) to heapauxi.o(.text) for __use_two_region_memory
    startup_stm32f10x_cl.o(.text) refers to system_stm32f10x.o(i.SystemInit) for SystemInit
    startup_stm32f10x_cl.o(.text) refers to __main.o(!!!main) for __main
    startup_stm32f10x_cl.o(.text) refers to startup_stm32f10x_cl.o(HEAP) for Heap_Mem
    startup_stm32f10x_cl.o(.text) refers to startup_stm32f10x_cl.o(STACK) for Stack_Mem
    system_stm32f10x.o(i.SetSysClock) refers to system_stm32f10x.o(i.SetSysClockTo72) for SetSysClockTo72
    system_stm32f10x.o(i.SystemCoreClockUpdate) refers to system_stm32f10x.o(.data) for SystemCoreClock
    system_stm32f10x.o(i.SystemInit) refers to system_stm32f10x.o(i.SetSysClock) for SetSysClock
    main.o(i.InitBoard) refers to main.o(i.SYSTICK_Configuration) for SYSTICK_Configuration
    main.o(i.InitBoard) refers to usart.o(i.USART2_Init) for USART2_Init
    main.o(i.InitBoard) refers to gpio.o(i.LED_Init) for LED_Init
    main.o(i.InitBoard) refers to delay.o(i.delay_ms) for delay_ms
    main.o(i.InitBoard) refers to usbh_core.o(i.USBH_Init) for USBH_Init
    main.o(i.InitBoard) refers to usbh_hid_usr.o(.data) for USR_Callbacks
    main.o(i.InitBoard) refers to usbh_hid_midi.o(.data) for MIDI_cb
    main.o(i.InitBoard) refers to main.o(.bss) for USB_Host
    main.o(i.SYSTICK_Configuration) refers to system_stm32f10x.o(.data) for SystemCoreClock
    main.o(i.main) refers to main.o(i.InitBoard) for InitBoard
    main.o(i.main) refers to time.o(i.TimeInit) for TimeInit
    main.o(i.main) refers to usbh_core.o(i.USBH_Process) for USBH_Process
    main.o(i.main) refers to usbh_hid_midi.o(i.MIDI_SendData) for MIDI_SendData
    main.o(i.main) refers to gpio.o(i.LEDOff) for LEDOff
    main.o(i.main) refers to usart.o(i.usart_app) for usart_app
    main.o(i.main) refers to main.o(.bss) for USB_Host
    main.o(i.main) refers to usart.o(.data) for tx_flag
    main.o(i.main) refers to usart.o(.bss) for box_rx
    main.o(i.main) refers to main.o(.data) for box_tx_flag
    main.o(i.main) refers to time.o(.data) for time_f
    stm32f10x_it.o(i.EXTI1_IRQHandler) refers to stm32f10x_exti.o(i.EXTI_GetITStatus) for EXTI_GetITStatus
    stm32f10x_it.o(i.EXTI1_IRQHandler) refers to stm32f10x_exti.o(i.EXTI_ClearITPendingBit) for EXTI_ClearITPendingBit
    stm32f10x_it.o(i.EXTI1_IRQHandler) refers to main.o(.bss) for USB_Host
    stm32f10x_it.o(i.OTG_FS_IRQHandler) refers to usb_hcd_int.o(i.USBH_OTG_ISR_Handler) for USBH_OTG_ISR_Handler
    stm32f10x_it.o(i.OTG_FS_IRQHandler) refers to main.o(.bss) for USB_OTG_Core
    stm32f10x_it.o(i.SysTick_Handler) refers to delay.o(i.SysTick_ISR) for SysTick_ISR
[...]
    i.USBH_ParseCfgDesc                      0x08002944   Section        0  usbh_stdreq.o(i.USBH_ParseCfgDesc)
    USBH_ParseCfgDesc                        0x08002945   Thumb Code   274  usbh_stdreq.o(i.USBH_ParseCfgDesc)
    i.USBH_ParseDevDesc                      0x08002a60   Section        0  usbh_stdreq.o(i.USBH_ParseDevDesc)
    USBH_ParseDevDesc                        0x08002a61   Thumb Code    88  usbh_stdreq.o(i.USBH_ParseDevDesc)
    i.USBH_ParseEPDesc                       0x08002ab8   Section        0  usbh_stdreq.o(i.USBH_ParseEPDesc)
    USBH_ParseEPDesc                         0x08002ab9   Thumb Code    32  usbh_stdreq.o(i.USBH_ParseEPDesc)
    i.USBH_ParseInterfaceDesc                0x08002ad8   Section        0  usbh_stdreq.o(i.USBH_ParseInterfaceDesc)
    USBH_ParseInterfaceDesc                  0x08002ad9   Thumb Code    38  usbh_stdreq.o(i.USBH_ParseInterfaceDesc)
    i.USBH_ParseStringDesc                   0x08002afe   Section        0  usbh_stdreq.o(i.USBH_ParseStringDesc)
    USBH_ParseStringDesc                     0x08002aff   Thumb Code    54  usbh_stdreq.o(i.USBH_ParseStringDesc)
    i.USBH_Process                           0x08002b34   Section        0  usbh_core.o(i.USBH_Process)
    i.USBH_SOF                               0x08002cc6   Section        0  usbh_core.o(i.USBH_SOF)
    i.USBH_SetAddress                        0x08002ccc   Section        0  usbh_stdreq.o(i.USBH_SetAddress)
    i.USBH_SetCfg                            0x08002cf2   Section        0  usbh_stdreq.o(i.USBH_SetCfg)
    i.USBH_SubmitSetupRequest                0x08002d18   Section        0  usbh_ioreq.o(i.USBH_SubmitSetupRequest)
    USBH_SubmitSetupRequest                  0x08002d19   Thumb Code    24  usbh_ioreq.o(i.USBH_SubmitSetupRequest)
    i.USBH_USR_Configuration_DescAvailable   0x08002d30   Section        0  usbh_hid_usr.o(i.USBH_USR_Configuration_DescAvailable)
    i.USBH_USR_DeInit                        0x08002d40   Section        0  usbh_hid_usr.o(i.USBH_USR_DeInit)
    i.USBH_USR_DeviceAddressAssigned         0x08002d4c   Section        0  usbh_hid_usr.o(i.USBH_USR_DeviceAddressAssigned)
    i.USBH_USR_DeviceAttached                0x08002d4e   Section        0  usbh_hid_usr.o(i.USBH_USR_DeviceAttached)
    i.USBH_USR_DeviceDisconnected            0x08002d50   Section        0  usbh_hid_usr.o(i.USBH_USR_DeviceDisconnected)
    i.USBH_USR_DeviceNotSupported            0x08002d52   Section        0  usbh_hid_usr.o(i.USBH_USR_DeviceNotSupported)
    i.USBH_USR_DeviceSpeedDetected           0x08002d54   Section        0  usbh_hid_usr.o(i.USBH_USR_DeviceSpeedDetected)
    i.USBH_USR_Device_DescAvailable          0x08002d5e   Section        0  usbh_hid_usr.o(i.USBH_USR_Device_DescAvailable)
    i.USBH_USR_EnumerationDone               0x08002d6c   Section        0  usbh_hid_usr.o(i.USBH_USR_EnumerationDone)
    i.USBH_USR_Init                          0x08002d78   Section        0  usbh_hid_usr.o(i.USBH_USR_Init)
    i.USBH_USR_Manufacturer_String           0x08002d7a   Section        0  usbh_hid_usr.o(i.USBH_USR_Manufacturer_String)
    i.USBH_USR_OverCurrentDetected           0x08002d7c   Section        0  usbh_hid_usr.o(i.USBH_USR_OverCurrentDetected)
    i.USBH_USR_Product_String                0x08002d7e   Section        0  usbh_hid_usr.o(i.USBH_USR_Product_String)
    i.USBH_USR_ResetDevice                   0x08002d80   Section        0  usbh_hid_usr.o(i.USBH_USR_ResetDevice)
    i.USBH_USR_SerialNum_String              0x08002d82   Section        0  usbh_hid_usr.o(i.USBH_USR_SerialNum_String)
    i.USBH_USR_UnrecoveredError              0x08002d84   Section        0  usbh_hid_usr.o(i.USBH_USR_UnrecoveredError)
    i.USBH_USR_UserInput                     0x08002d86   Section        0  usbh_hid_usr.o(i.USBH_USR_UserInput)
    i.USB_OTG_BSP_ConfigVBUS                 0x08002d98   Section        0  usb_bsp.o(i.USB_OTG_BSP_ConfigVBUS)
    i.USB_OTG_BSP_DriveVBUS                  0x08002dd8   Section        0  usb_bsp.o(i.USB_OTG_BSP_DriveVBUS)
    i.USB_OTG_BSP_EnableInterrupt            0x08002dfc   Section        0  usb_bsp.o(i.USB_OTG_BSP_EnableInterrupt)
    i.USB_OTG_BSP_Init                       0x08002e28   Section        0  usb_bsp.o(i.USB_OTG_BSP_Init)
    i.USB_OTG_BSP_TimeInit                   0x08002e40   Section        0  usb_bsp.o(i.USB_OTG_BSP_TimeInit)
    USB_OTG_BSP_TimeInit                     0x08002e41   Thumb Code    58  usb_bsp.o(i.USB_OTG_BSP_TimeInit)
    i.USB_OTG_BSP_TimerIRQ                   0x08002e7c   Section        0  usb_bsp.o(i.USB_OTG_BSP_TimerIRQ)
    i.USB_OTG_BSP_mDelay                     0x08002eb4   Section        0  usb_bsp.o(i.USB_OTG_BSP_mDelay)
    i.USB_OTG_BSP_uDelay                     0x08002ec2   Section        0  usb_bsp.o(i.USB_OTG_BSP_uDelay)
    i.USB_OTG_CoreInit                       0x08002ed0   Section        0  usb_core.o(i.USB_OTG_CoreInit)
    i.USB_OTG_CoreInitHost                   0x08002ff6   Section        0  usb_core.o(i.USB_OTG_CoreInitHost)
    i.USB_OTG_CoreReset                      0x080030cc   Section        0  usb_core.o(i.USB_OTG_CoreReset)
    USB_OTG_CoreReset                        0x080030cd   Thumb Code   108  usb_core.o(i.USB_OTG_CoreReset)
    i.USB_OTG_DisableGlobalInt               0x0800313c   Section        0  usb_core.o(i.USB_OTG_DisableGlobalInt)
    i.USB_OTG_DriveVbus                      0x0800315e   Section        0  usb_core.o(i.USB_OTG_DriveVbus)
    i.USB_OTG_EnableCommonInt                0x080031ba   Section        0  usb_core.o(i.USB_OTG_EnableCommonInt)
    USB_OTG_EnableCommonInt                  0x080031bb   Thumb Code    52  usb_core.o(i.USB_OTG_EnableCommonInt)
    i.USB_OTG_EnableGlobalInt                0x080031ee   Section        0  usb_core.o(i.USB_OTG_EnableGlobalInt)
    i.USB_OTG_EnableHostInt                  0x08003210   Section        0  usb_core.o(i.USB_OTG_EnableHostInt)
    i.USB_OTG_FlushRxFifo                    0x08003284   Section        0  usb_core.o(i.USB_OTG_FlushRxFifo)
    i.USB_OTG_FlushTxFifo                    0x080032d0   Section        0  usb_core.o(i.USB_OTG_FlushTxFifo)
    i.USB_OTG_GetMode                        0x08003324   Section        0  usb_core.o(i.USB_OTG_GetMode)
    i.USB_OTG_HC_DoPing                      0x08003330   Section        0  usb_core.o(i.USB_OTG_HC_DoPing)
    i.USB_OTG_HC_Halt                        0x0800338a   Section        0  usb_core.o(i.USB_OTG_HC_Halt)
    i.USB_OTG_HC_Init                        0x0800340c   Section        0  usb_core.o(i.USB_OTG_HC_Init)
    i.USB_OTG_HC_StartXfer                   0x08003644   Section        0  usb_core.o(i.USB_OTG_HC_StartXfer)
    i.USB_OTG_InitFSLSPClkSel                0x0800383a   Section        0  usb_core.o(i.USB_OTG_InitFSLSPClkSel)
    i.USB_OTG_IsEvenFrame                    0x08003852   Section        0  usb_core.o(i.USB_OTG_IsEvenFrame)
    i.USB_OTG_IsHostMode                     0x08003862   Section        0  usb_core.o(i.USB_OTG_IsHostMode)
    i.USB_OTG_ReadCoreItr                    0x08003876   Section        0  usb_core.o(i.USB_OTG_ReadCoreItr)
    i.USB_OTG_ReadHPRT0                      0x08003886   Section        0  usb_core.o(i.USB_OTG_ReadHPRT0)
    i.USB_OTG_ReadHostAllChannels_intr       0x080038b6   Section        0  usb_core.o(i.USB_OTG_ReadHostAllChannels_intr)
    i.USB_OTG_ReadPacket                     0x080038be   Section        0  usb_core.o(i.USB_OTG_ReadPacket)
    i.USB_OTG_ResetPort                      0x080038e6   Section        0  usb_core.o(i.USB_OTG_ResetPort)
    i.USB_OTG_SelectCore                     0x08003928   Section        0  usb_core.o(i.USB_OTG_SelectCore)
    i.USB_OTG_SetCurrentMode                 0x080039f8   Section        0  usb_core.o(i.USB_OTG_SetCurrentMode)
    i.USB_OTG_USBH_handle_Disconnect_ISR     0x08003a48   Section        0  usb_hcd_int.o(i.USB_OTG_USBH_handle_Disconnect_ISR)
    USB_OTG_USBH_handle_Disconnect_ISR       0x08003a49   Thumb Code    40  usb_hcd_int.o(i.USB_OTG_USBH_handle_Disconnect_ISR)
    i.USB_OTG_USBH_handle_IncompletePeriodicXfer_ISR 0x08003a74   Section        0  usb_hcd_int.o(i.USB_OTG_USBH_handle_IncompletePeriodicXfer_ISR)
    USB_OTG_USBH_handle_IncompletePeriodicXfer_ISR 0x08003a75   Thumb Code    70  usb_hcd_int.o(i.USB_OTG_USBH_handle_IncompletePeriodicXfer_ISR)
    i.USB_OTG_USBH_handle_hc_ISR             0x08003aba   Section        0  usb_hcd_int.o(i.USB_OTG_USBH_handle_hc_ISR)
    USB_OTG_USBH_handle_hc_ISR               0x08003abb   Thumb Code    86  usb_hcd_int.o(i.USB_OTG_USBH_handle_hc_ISR)
    i.USB_OTG_USBH_handle_hc_n_In_ISR        0x08003b10   Section        0  usb_hcd_int.o(i.USB_OTG_USBH_handle_hc_n_In_ISR)
    USB_OTG_USBH_handle_hc_n_In_ISR          0x08003b11   Thumb Code  1066  usb_hcd_int.o(i.USB_OTG_USBH_handle_hc_n_In_ISR)
    i.USB_OTG_USBH_handle_hc_n_Out_ISR       0x08003f3a   Section        0  usb_hcd_int.o(i.USB_OTG_USBH_handle_hc_n_Out_ISR)
    USB_OTG_USBH_handle_hc_n_Out_ISR         0x08003f3b   Thumb Code   976  usb_hcd_int.o(i.USB_OTG_USBH_handle_hc_n_Out_ISR)
    i.USB_OTG_USBH_handle_nptxfempty_ISR     0x0800430a   Section        0  usb_hcd_int.o(i.USB_OTG_USBH_handle_nptxfempty_ISR)
    USB_OTG_USBH_handle_nptxfempty_ISR       0x0800430b   Thumb Code   302  usb_hcd_int.o(i.USB_OTG_USBH_handle_nptxfempty_ISR)
    i.USB_OTG_USBH_handle_port_ISR           0x08004438   Section        0  usb_hcd_int.o(i.USB_OTG_USBH_handle_port_ISR)
    USB_OTG_USBH_handle_port_ISR             0x08004439   Thumb Code   282  usb_hcd_int.o(i.USB_OTG_USBH_handle_port_ISR)
    i.USB_OTG_USBH_handle_ptxfempty_ISR      0x08004558   Section        0  usb_hcd_int.o(i.USB_OTG_USBH_handle_ptxfempty_ISR)
    USB_OTG_USBH_handle_ptxfempty_ISR        0x08004559   Thumb Code   302  usb_hcd_int.o(i.USB_OTG_USBH_handle_ptxfempty_ISR)
    i.USB_OTG_USBH_handle_rx_qlvl_ISR        0x08004686   Section        0  usb_hcd_int.o(i.USB_OTG_USBH_handle_rx_qlvl_ISR)
    USB_OTG_USBH_handle_rx_qlvl_ISR          0x08004687   Thumb Code   356  usb_hcd_int.o(i.USB_OTG_USBH_handle_rx_qlvl_ISR)
    i.USB_OTG_USBH_handle_sof_ISR            0x080047ec   Section        0  usb_hcd_int.o(i.USB_OTG_USBH_handle_sof_ISR)
    USB_OTG_USBH_handle_sof_ISR              0x080047ed   Thumb Code    38  usb_hcd_int.o(i.USB_OTG_USBH_handle_sof_ISR)
    i.USB_OTG_WritePacket                    0x08004818   Section        0  usb_core.o(i.USB_OTG_WritePacket)
    i.UsageFault_Handler                     0x08004858   Section        0  stm32f10x_it.o(i.UsageFault_Handler)
    i.delay_ms                               0x0800485c   Section        0  delay.o(i.delay_ms)
    i.fputc                                  0x080048a4   Section        0  usart.o(i.fputc)
    i.main                                   0x080048a8   Section        0  main.o(i.main)
    i.usart_app                              0x080049a8   Section        0  usart.o(i.usart_app)
    i.usart_send                             0x080049e0   Section        0  usart.o(i.usart_send)
    .constdata                               0x08004a30   Section        6  gpio.o(.constdata)
    .constdata                               0x08004a36   Section        4  sys_io.o(.constdata)
    .constdata                               0x08004a3a   Section        4  sys_io.o(.constdata)
    .constdata                               0x08004a3e   Section        4  sys_io.o(.constdata)
    .data                                    0x20000000   Section       20  system_stm32f10x.o(.data)
    .data                                    0x20000014   Section        6  main.o(.data)
    .data                                    0x2000001c   Section       87  usbh_hid_usr.o(.data)
    b_state                                  0x20000070   Data           3  usbh_hid_usr.o(.data)
    .data                                    0x20000074   Section        8  usb_bsp.o(.data)
    .data                                    0x2000007c   Section       24  usbh_hid_midi.o(.data)
    .data                                    0x20000094   Section        4  delay.o(.data)
    .data                                    0x20000098   Section       11  usart.o(.data)
    .data                                    0x200000a4   Section        3  time.o(.data)
    .data                                    0x200000a7   Section       20  stm32f10x_rcc.o(.data)
    APBAHBPrescTable                         0x200000a7   Data          16  stm32f10x_rcc.o(.data)
    ADCPrescTable                            0x200000b7   Data           4  stm32f10x_rcc.o(.data)
    .data                                    0x200000bc   Section       18  usbh_core.o(.data)
    timeout                                  0x200000cc   Data           2  usbh_core.o(.data)
    .data                                    0x200000ce   Section        3  usbh_stdreq.o(.data)
    prev_ep_size                             0x200000ce   Data           2  usbh_stdreq.o(.data)
    prev_itf                                 0x200000d0   Data           1  usbh_stdreq.o(.data)
    .data                                    0x200000d4   Section        4  stdio_streams.o(.data)
    .data                                    0x200000d8   Section        4  stdio_streams.o(.data)
    .data                                    0x200000dc   Section        4  stdio_streams.o(.data)
    .bss                                     0x200000e0   Section     1584  main.o(.bss)
    .bss                                     0x20000710   Section      411  usbh_hid_midi.o(.bss)
    .bss                                     0x200008ab   Section      300  usart.o(.bss)
    .bss                                     0x200009d7   Section      512  usbh_stdreq.o(.bss)
    .bss                                     0x20000bd8   Section       84  stdio_streams.o(.bss)
    .bss                                     0x20000c2c   Section       84  stdio_streams.o(.bss)
    .bss                                     0x20000c80   Section       84  stdio_streams.o(.bss)
    .bss                                     0x20000cd4   Section       96  libspace.o(.bss)
    HEAP                                     0x20000d38   Section      512  startup_stm32f10x_cl.o(HEAP)
    Heap_Mem                                 0x20000d38   Data         512  startup_stm32f10x_cl.o(HEAP)
    STACK                                    0x20000f38   Section     1024  startup_stm32f10x_cl.o(STACK)
    Stack_Mem                                0x20000f38   Data        1024  startup_stm32f10x_cl.o(STACK)
    __initial_sp                             0x20001338   Data           0  startup_stm32f10x_cl.o(STACK)

    Global Symbols

    Symbol Name                              Value     Ov Type        Size  Object(Section)

    BuildAttributes$$THM_ISAv4$P$D$K$B$S$PE$A:L22UL41UL21$X:L11$S22US41US21$IEEE1$IW$USESV6$~STKCKD$USESV7$~SHL$OTIME$ROPI$EBA8$UX$STANDARDLIB$REQ8$PRES8$EABIv2 0x00000000   Number         0  anon$$obj.o ABSOLUTE
    __ARM_use_no_argv                        0x00000000   Number         0  main.o ABSOLUTE
    __ARM_exceptions_init                     - Undefined Weak Reference
    __alloca_initialize                       - Undefined Weak Reference
    __arm_preinit_                            - Undefined Weak Reference
    __cpp_initialize__aeabi_                  - Undefined Weak Reference
    __cxa_finalize                            - Undefined Weak Reference
    __rt_locale                               - Undefined Weak Reference
    __sigvec_lookup                           - Undefined Weak Reference
    __user_heap_extent                        - Undefined Weak Reference
    _atexit_init                              - Undefined Weak Reference
    _call_atexit_fns                          - Undefined Weak Reference
    _clock_init                               - Undefined Weak Reference
    _fp_trap_init                             - Undefined Weak Reference
    _fp_trap_shutdown                         - Undefined Weak Reference
    _get_lc_collate                           - Undefined Weak Reference
    _get_lc_ctype                             - Undefined Weak Reference
    _get_lc_monetary                          - Undefined Weak Reference
    _get_lc_numeric                           - Undefined Weak Reference
    _get_lc_time                              - Undefined Weak Reference
    _getenv_init                              - Undefined Weak Reference
    _handle_redirection                       - Undefined Weak Reference
    _mutex_acquire                            - Undefined Weak Reference
    _mutex_free                               - Undefined Weak Reference
    _mutex_release                            - Undefined Weak Reference
    _rand_init                                - Undefined Weak Reference
    _signal_finish                            - Undefined Weak Reference
    _signal_init                              - Undefined Weak Reference
    __Vectors_Size                           0x00000150   Number         0  startup_stm32f10x_cl.o ABSOLUTE
    __Vectors                                0x08000000   Data           4  startup_stm32f10x_cl.o(RESET)
    __Vectors_End                            0x08000150   Data           0  startup_stm32f10x_cl.o(RESET)
    __main                                   0x08000151   Thumb Code     8  __main.o(!!!main)
    __scatterload                            0x08000159   Thumb Code     0  __scatter.o(!!!scatter)
    __scatterload_rt2                        0x08000159   Thumb Code    44  __scatter.o(!!!scatter)
    __scatterload_rt2_thumb_only             0x08000159   Thumb Code     0  __scatter.o(!!!scatter)
    __scatterload_null                       0x08000167   Thumb Code     0  __scatter.o(!!!scatter)
    __scatterload_copy                       0x0800018d   Thumb Code    26  __scatter_copy.o(!!handler_copy)
    __scatterload_zeroinit                   0x080001a9   Thumb Code    28  __scatter_zi.o(!!handler_zi)
    __rt_lib_init                            0x080001c5   Thumb Code     0  libinit.o(.ARM.Collect$$libinit$$00000000)
    __rt_lib_init_fp_1                       0x080001c7   Thumb Code     0  libinit2.o(.ARM.Collect$$libinit$$00000002)
    __rt_lib_init_heap_2                     0x080001c7   Thumb Code     0  libinit2.o(.ARM.Collect$$libinit$$00000005)
    __rt_lib_init_preinit_1                  0x080001c7   Thumb Code     0  libinit2.o(.ARM.Collect$$libinit$$00000004)
    __rt_lib_init_atexit_1                   0x080001cf   Thumb Code     0  libinit2.o(.ARM.Collect$$libinit$$0000001B)
    __rt_lib_init_clock_1                    0x080001cf   Thumb Code     0  libinit2.o(.ARM.Collect$$libinit$$00000021)
    __rt_lib_init_fp_trap_1                  0x080001cf   Thumb Code     0  libinit2.o(.ARM.Collect$$libinit$$0000001F)
    __rt_lib_init_getenv_1                   0x080001cf   Thumb Code     0  libinit2.o(.ARM.Collect$$libinit$$00000023)
    __rt_lib_init_heap_1                     0x080001cf   Thumb Code     0  libinit2.o(.ARM.Collect$$libinit$$0000000A)
    __rt_lib_init_lc_collate_1               0x080001cf   Thumb Code     0  libinit2.o(.ARM.Collect$$libinit$$00000011)
    __rt_lib_init_lc_ctype_1                 0x080001cf   Thumb Code     0  libinit2.o(.ARM.Collect$$libinit$$00000013)
    __rt_lib_init_lc_monetary_1              0x080001cf   Thumb Code     0  libinit2.o(.ARM.Collect$$libinit$$00000015)
    __rt_lib_init_lc_numeric_1               0x080001cf   Thumb Code     0  libinit2.o(.ARM.Collect$$libinit$$00000017)
    __rt_lib_init_lc_time_1                  0x080001cf   Thumb Code     0  libinit2.o(.ARM.Collect$$libinit$$00000019)
    __rt_lib_init_rand_1                     0x080001cf   Thumb Code     0  libinit2.o(.ARM.Collect$$libinit$$0000000E)
    __rt_lib_init_signal_1                   0x080001cf   Thumb Code     0  libinit2.o(.ARM.Collect$$libinit$$0000001D)
    __rt_lib_init_stdio_2                    0x080001cf   Thumb Code     0  libinit2.o(.ARM.Collect$$libinit$$00000024)
    __rt_lib_init_user_alloc_1               0x080001cf   Thumb Code     0  libinit2.o(.ARM.Collect$$libinit$$0000000C)
    __rt_lib_init_alloca_1                   0x080001d3   Thumb Code     0  libinit2.o(.ARM.Collect$$libinit$$0000002E)
    __rt_lib_init_argv_1                     0x080001d3   Thumb Code     0  libinit2.o(.ARM.Collect$$libinit$$0000002C)
    __rt_lib_init_cpp_1                      0x080001d3   Thumb Code     0  libinit2.o(.ARM.Collect$$libinit$$00000032)
    __rt_lib_init_exceptions_1               0x080001d3   Thumb Code     0  libinit2.o(.ARM.Collect$$libinit$$00000030)
    __rt_lib_init_return                     0x080001d3   Thumb Code     0  libinit2.o(.ARM.Collect$$libinit$$00000033)
    __rt_lib_init_stdio_1                    0x080001d3   Thumb Code     0  libinit2.o(.ARM.Collect$$libinit$$00000025)
    __rt_lib_shutdown                        0x080001d5   Thumb Code     0  libshutdown.o(.ARM.Collect$$libshutdown$$00000000)
    __rt_lib_shutdown_stdio_2                0x080001d7   Thumb Code     0  libshutdown2.o(.ARM.Collect$$libshutdown$$00000002)
    __rt_lib_shutdown_fp_trap_1              0x080001db   Thumb Code     0  libshutdown2.o(.ARM.Collect$$libshutdown$$00000006)
    __rt_lib_shutdown_heap_1                 0x080001db   Thumb Code     0  libshutdown2.o(.ARM.Collect$$libshutdown$$0000000E)
    __rt_lib_shutdown_return                 0x080001db   Thumb Code     0  libshutdown2.o(.ARM.Collect$$libshutdown$$0000000F)
    __rt_lib_shutdown_signal_1               0x080001db   Thumb Code     0  libshutdown2.o(.ARM.Collect$$libshutdown$$00000009)
    __rt_lib_shutdown_stdio_1                0x080001db   Thumb Code     0  libshutdown2.o(.ARM.Collect$$libshutdown$$00000003)
    __rt_lib_shutdown_user_alloc_1           0x080001db   Thumb Code     0  libshutdown2.o(.ARM.Collect$$libshutdown$$0000000B)
    __rt_entry                               0x080001dd   Thumb Code     0  __rtentry.o(.ARM.Collect$$rtentry$$00000000)
    __rt_entry_presh_1                       0x080001dd   Thumb Code     0  __rtentry2.o(.ARM.Collect$$rtentry$$00000002)
    __rt_entry_sh                            0x080001dd   Thumb Code     0  __rtentry4.o(.ARM.Collect$$rtentry$$00000004)
    __rt_entry_li                            0x080001e3   Thumb Code     0  __rtentry2.o(.ARM.Collect$$rtentry$$0000000A)
    __rt_entry_postsh_1                      0x080001e3   Thumb Code     0  __rtentry2.o(.ARM.Collect$$rtentry$$00000009)
    __rt_entry_main                          0x080001e7   Thumb Code     0  __rtentry2.o(.ARM.Collect$$rtentry$$0000000D)
    __rt_entry_postli_1                      0x080001e7   Thumb Code     0  __rtentry2.o(.ARM.Collect$$rtentry$$0000000C)
    __rt_exit                                0x080001ef   Thumb Code     0  rtexit.o(.ARM.Collect$$rtexit$$00000000)
    __rt_exit_ls                             0x080001f1   Thumb Code     0  rtexit2.o(.ARM.Collect$$rtexit$$00000003)
    __rt_exit_prels_1                        0x080001f1   Thumb Code     0  rtexit2.o(.ARM.Collect$$rtexit$$00000002)
    __rt_exit_exit                           0x080001f5   Thumb Code     0  rtexit2.o(.ARM.Collect$$rtexit$$00000004)
    Reset_Handler                            0x080001fd   Thumb Code     8  startup_stm32f10x_cl.o(.text)
    _maybe_terminate_alloc                   0x080001fd   Thumb Code     0  maybetermalloc1.o(.emb_text)
    ADC1_2_IRQHandler                        0x08000217   Thumb Code     0  startup_stm32f10x_cl.o(.text)
    CAN1_RX0_IRQHandler                      0x08000217   Thumb Code     0  startup_stm32f10x_cl.o(.text)
    CAN1_RX1_IRQHandler                      0x08000217   Thumb Code     0  startup_stm32f10x_cl.o(.text)
    CAN1_SCE_IRQHandler                      0x08000217   Thumb Code     0  startup_stm32f10x_cl.o(.text)
    CAN1_TX_IRQHandler                       0x08000217   Thumb Code     0  startup_stm32f10x_cl.o(.text)
    CAN2_RX0_IRQHandler                      0x08000217   Thumb Code     0  startup_stm32f10x_cl.o(.text)
    CAN2_RX1_IRQHandler                      0x08000217   Thumb Code     0  startup_stm32f10x_cl.o(.text)
    CAN2_SCE_IRQHandler                      0x08000217   Thumb Code     0  startup_stm32f10x_cl.o(.text)
    CAN2_TX_IRQHandler                       0x08000217   Thumb Code     0  startup_stm32f10x_cl.o(.text)
    DMA1_Channel1_IRQHandler                 0x08000217   Thumb Code     0  startup_stm32f10x_cl.o(.text)
    DMA1_Channel2_IRQHandler                 0x08000217   Thumb Code     0  startup_stm32f10x_cl.o(.text)
    DMA1_Channel3_IRQHandler                 0x08000217   Thumb Code     0  startup_stm32f10x_cl.o(.text)
    DMA1_Channel4_IRQHandler                 0x08000217   Thumb Code     0  startup_stm32f10x_cl.o(.text)
    DMA1_Channel5_IRQHandler                 0x08000217   Thumb Code     0  startup_stm32f10x_cl.o(.text)
    DMA1_Channel6_IRQHandler                 0x08000217   Thumb Code     0  startup_stm32f10x_cl.o(.text)
    DMA1_Channel7_IRQHandler                 0x08000217   Thumb Code     0  startup_stm32f10x_cl.o(.text)
    DMA2_Channel1_IRQHandler                 0x08000217   Thumb Code     0  startup_stm32f10x_cl.o(.text)
    DMA2_Channel2_IRQHandler                 0x08000217   Thumb Code     0  startup_stm32f10x_cl.o(.text)
    DMA2_Channel3_IRQHandler                 0x08000217   Thumb Code     0  startup_stm32f10x_cl.o(.text)
    DMA2_Channel4_IRQHandler                 0x08000217   Thumb Code     0  startup_stm32f10x_cl.o(.text)
    DMA2_Channel5_IRQHandler                 0x08000217   Thumb Code     0  startup_stm32f10x_cl.o(.text)
    ETH_IRQHandler                           0x08000217   Thumb Code     0  startup_stm32f10x_cl.o(.text)
    ETH_WKUP_IRQHandler                      0x08000217   Thumb Code     0  startup_stm32f10x_cl.o(.text)
    EXTI15_10_IRQHandler                     0x08000217   Thumb Code     0  startup_stm32f10x_cl.o(.text)
    EXTI2_IRQHandler                         0x08000217   Thumb Code     0  startup_stm32f10x_cl.o(.text)
    EXTI3_IRQHandler                         0x08000217   Thumb Code     0  startup_stm32f10x_cl.o(.text)
    EXTI4_IRQHandler                         0x08000217   Thumb Code     0  startup_stm32f10x_cl.o(.text)
    FLASH_IRQHandler                         0x08000217   Thumb Code     0  startup_stm32f10x_cl.o(.text)
    I2C1_ER_IRQHandler                       0x08000217   Thumb Code     0  startup_stm32f10x_cl.o(.text)
    I2C1_EV_IRQHandler                       0x08000217   Thumb Code     0  startup_stm32f10x_cl.o(.text)
    I2C2_ER_IRQHandler                       0x08000217   Thumb Code     0  startup_stm32f10x_cl.o(.text)
    I2C2_EV_IRQHandler                       0x08000217   Thumb Code     0  startup_stm32f10x_cl.o(.text)
    OTG_FS_WKUP_IRQHandler                   0x08000217   Thumb Code     0  startup_stm32f10x_cl.o(.text)
    PVD_IRQHandler                           0x08000217   Thumb Code     0  startup_stm32f10x_cl.o(.text)
    RCC_IRQHandler                           0x08000217   Thumb Code     0  startup_stm32f10x_cl.o(.text)
    RTCAlarm_IRQHandler                      0x08000217   Thumb Code     0  startup_stm32f10x_cl.o(.text)
    SPI1_IRQHandler                          0x08000217   Thumb Code     0  startup_stm32f10x_cl.o(.text)
    SPI2_IRQHandler                          0x08000217   Thumb Code     0  startup_stm32f10x_cl.o(.text)
    SPI3_IRQHandler                          0x08000217   Thumb Code     0  startup_stm32f10x_cl.o(.text)
    TAMPER_IRQHandler                        0x08000217   Thumb Code     0  startup_stm32f10x_cl.o(.text)
    TIM1_BRK_IRQHandler                      0x08000217   Thumb Code     0  startup_stm32f10x_cl.o(.text)
    TIM1_CC_IRQHandler                       0x08000217   Thumb Code     0  startup_stm32f10x_cl.o(.text)
    TIM1_TRG_COM_IRQHandler                  0x08000217   Thumb Code     0  startup_stm32f10x_cl.o(.text)
    TIM1_UP_IRQHandler                       0x08000217   Thumb Code     0  startup_stm32f10x_cl.o(.text)
    TIM4_IRQHandler                          0x08000217   Thumb Code     0  startup_stm32f10x_cl.o(.text)
    TIM5_IRQHandler                          0x08000217   Thumb Code     0  startup_stm32f10x_cl.o(.text)
    TIM6_IRQHandler                          0x08000217   Thumb Code     0  startup_stm32f10x_cl.o(.text)
    TIM7_IRQHandler                          0x08000217   Thumb Code     0  startup_stm32f10x_cl.o(.text)
    UART4_IRQHandler                         0x08000217   Thumb Code     0  startup_stm32f10x_cl.o(.text)
    UART5_IRQHandler                         0x08000217   Thumb Code     0  startup_stm32f10x_cl.o(.text)
    USART1_IRQHandler                        0x08000217   Thumb Code     0  startup_stm32f10x_cl.o(.text)
    USART3_IRQHandler                        0x08000217   Thumb Code     0  startup_stm32f10x_cl.o(.text)
    WWDG_IRQHandler                          0x08000217   Thumb Code     0  startup_stm32f10x_cl.o(.text)
    __user_initial_stackheap                 0x08000219   Thumb Code     0  startup_stm32f10x_cl.o(.text)
    __2printf                                0x0800023d   Thumb Code    20  noretval__2printf.o(.text)
    __use_two_region_memory                  0x08000255   Thumb Code     2  heapauxi.o(.text)
    __rt_heap_escrow                         0x08000257   Thumb Code     2  heapauxi.o(.text)
    __rt_heap_expand                         0x08000259   Thumb Code     2  heapauxi.o(.text)
    _printf_char_file                        0x0800025d   Thumb Code    32  _printf_char_file.o(.text)
    _printf_char_common                      0x0800028b   Thumb Code    32  _printf_char_common.o(.text)
    ferror                                   0x080002b1   Thumb Code     8  ferror.o(.text)
    _initio                                  0x080002b9   Thumb Code   210  initio.o(.text)
    _terminateio                             0x0800038b   Thumb Code    56  initio.o(.text)
    _sys_open                                0x080003f1   Thumb Code    20  sys_io.o(.text)
    _sys_close                               0x08000405   Thumb Code    12  sys_io.o(.text)
    _sys_write                               0x08000411   Thumb Code    16  sys_io.o(.text)
    _sys_read                                0x08000421   Thumb Code    14  sys_io.o(.text)
    _sys_istty                               0x0800042f   Thumb Code    12  sys_io.o(.text)
    _sys_seek                                0x0800043b   Thumb Code    14  sys_io.o(.text)
    _sys_ensure                              0x08000449   Thumb Code     2  sys_io.o(.text)
    _sys_flen                                0x0800044b   Thumb Code    12  sys_io.o(.text)
    __user_setup_stackheap                   0x08000457   Thumb Code    74  sys_stackheap_outer.o(.text)
    free                                     0x080004a1   Thumb Code    78  h1_free.o(.text)
    __printf                                 0x080004ef   Thumb Code    40  __printf_nopercent.o(.text)
    setvbuf                                  0x08000517   Thumb Code    70  setvbuf.o(.text)
    freopen                                  0x0800055d   Thumb Code   158  fopen.o(.text)
    fopen                                    0x080005fb   Thumb Code    74  fopen.o(.text)
    _fclose_internal                         0x08000649   Thumb Code    76  fclose.o(.text)
    fclose                                   0x08000649   Thumb Code     0  fclose.o(.text)
    exit                                     0x08000695   Thumb Code    12  exit.o(.text)
    __rt_SIGRTRED                            0x080006a1   Thumb Code    14  defsig_rtred_outer.o(.text)
    __aeabi_memclr4                          0x080006af   Thumb Code     0  rt_memclr_w.o(.text)
    __aeabi_memclr8                          0x080006af   Thumb Code     0  rt_memclr_w.o(.text)
    __rt_memclr_w                            0x080006af   Thumb Code    78  rt_memclr_w.o(.text)
    _memset_w                                0x080006b3   Thumb Code     0  rt_memclr_w.o(.text)
    __user_libspace                          0x080006fd   Thumb Code     8  libspace.o(.text)
    __user_perproc_libspace                  0x080006fd   Thumb Code     0  libspace.o(.text)
    __user_perthread_libspace                0x080006fd   Thumb Code     0  libspace.o(.text)
    __I$use$semihosting                      0x08000705   Thumb Code     0  use_no_semi.o(.text)
    __use_no_semihosting_swi                 0x08000705   Thumb Code     2  use_no_semi.o(.text)
    __semihosting_library_function           0x08000707   Thumb Code     0  indicate_semi.o(.text)
    __rt_heap_descriptor                     0x08000709   Thumb Code     8  rt_heap_descriptor_intlibspace.o(.text)
    __use_no_heap                            0x08000711   Thumb Code     2  hguard.o(.text)
    __heap$guard                             0x08000713   Thumb Code     2  hguard.o(.text)
    _terminate_user_alloc                    0x08000715   Thumb Code     2  init_alloc.o(.text)
    _init_user_alloc                         0x08000717   Thumb Code     2  init_alloc.o(.text)
    __Heap_Full                              0x08000719   Thumb Code    34  init_alloc.o(.text)
    __Heap_Broken                            0x0800073b   Thumb Code     6  init_alloc.o(.text)
    _init_alloc                              0x08000741   Thumb Code    94  init_alloc.o(.text)
    malloc                                   0x0800079f   Thumb Code    94  h1_alloc.o(.text)
    _fseek                                   0x080007fd   Thumb Code   242  fseek.o(.text)
    fseek                                    0x080007fd   Thumb Code     0  fseek.o(.text)
    _seterr                                  0x080008f5   Thumb Code    20  stdio.o(.text)
    _writebuf                                0x08000909   Thumb Code    84  stdio.o(.text)
    _fflush                                  0x0800095d   Thumb Code    70  stdio.o(.text)
    _deferredlazyseek                        0x080009a3   Thumb Code    60  stdio.o(.text)
    __sig_exit                               0x080009e5   Thumb Code    10  defsig_exit.o(.text)
    __rt_SIGRTRED_inner                      0x080009f1   Thumb Code    14  defsig_rtred_inner.o(.text)
    strlen                                   0x08000a25   Thumb Code    62  strlen.o(.text)
    _sys_exit                                0x08000a65   Thumb Code     8  sys_exit.o(.text)
    __Heap_Initialize                        0x08000a71   Thumb Code    10  h1_init.o(.text)
    __Heap_DescSize                          0x08000a7b   Thumb Code     4  h1_init.o(.text)
    __Heap_ProvideMemory                     0x08000a7f   Thumb Code    52  h1_extend.o(.text)
    _ftell_internal                          0x08000ab3   Thumb Code    66  ftell.o(.text)
    ftell                                    0x08000ab3   Thumb Code     0  ftell.o(.text)
    __default_signal_display                 0x08000af5   Thumb Code    50  defsig_general.o(.text)
    __rt_SIGRTMEM                            0x08000b27   Thumb Code    14  defsig_rtmem_outer.o(.text)
    _ttywrch                                 0x08000b35   Thumb Code    14  sys_wrch.o(.text)
    __aeabi_errno_addr                       0x08000b45   Thumb Code     8  rt_errno_addr_intlibspace.o(.text)
    __errno$intlibspace                      0x08000b45   Thumb Code     0  rt_errno_addr_intlibspace.o(.text)
    __rt_errno_addr$intlibspace              0x08000b45   Thumb Code     0  rt_errno_addr_intlibspace.o(.text)
    __rt_SIGRTMEM_inner                      0x08000b4d   Thumb Code    22  defsig_rtmem_inner.o(.text)
    BusFault_Handler                         0x08000c37   Thumb Code     4  stm32f10x_it.o(i.BusFault_Handler)
    Button_GetState                          0x08000c3d   Thumb Code    12  gpio.o(i.Button_GetState)
    DebugMon_Handler                         0x08000c4d   Thumb Code     2  stm32f10x_it.o(i.DebugMon_Handler)
    EXTI0_IRQHandler                         0x08000c4f   Thumb Code     2  stm32f10x_it.o(i.EXTI0_IRQHandler)
    EXTI1_IRQHandler                         0x08000c51   Thumb Code    28  stm32f10x_it.o(i.EXTI1_IRQHandler)
    EXTI9_5_IRQHandler                       0x08000c71   Thumb Code     2  stm32f10x_it.o(i.EXTI9_5_IRQHandler)
    EXTI_ClearITPendingBit                   0x08000c75   Thumb Code     6  stm32f10x_exti.o(i.EXTI_ClearITPendingBit)
    EXTI_GetITStatus                         0x08000c81   Thumb Code    34  stm32f10x_exti.o(i.EXTI_GetITStatus)
    GPIO_Init                                0x08000ca9   Thumb Code   278  stm32f10x_gpio.o(i.GPIO_Init)
    GPIO_ReadInputDataBit                    0x08000dbf   Thumb Code    18  stm32f10x_gpio.o(i.GPIO_ReadInputDataBit)
    GPIO_ResetBits                           0x08000dd1   Thumb Code     4  stm32f10x_gpio.o(i.GPIO_ResetBits)
    GPIO_SetBits                             0x08000dd5   Thumb Code     4  stm32f10x_gpio.o(i.GPIO_SetBits)
    HCD_GetCurrentFrame                      0x08000dd9   Thumb Code    10  usb_hcd.o(i.HCD_GetCurrentFrame)
    HCD_GetCurrentSpeed                      0x08000de3   Thumb Code    20  usb_hcd.o(i.HCD_GetCurrentSpeed)
    HCD_GetURB_State                         0x08000df7   Thumb Code    10  usb_hcd.o(i.HCD_GetURB_State)
    HCD_Init                                 0x08000e01   Thumb Code    96  usb_hcd.o(i.HCD_Init)
    HCD_IsDeviceConnected                    0x08000e61   Thumb Code     8  usb_hcd.o(i.HCD_IsDeviceConnected)
    HCD_ResetPort                            0x08000e69   Thumb Code    14  usb_hcd.o(i.HCD_ResetPort)
    HCD_SubmitRequest                        0x08000e77   Thumb Code    32  usb_hcd.o(i.HCD_SubmitRequest)
    HardFault_Handler                        0x08000e97   Thumb Code     4  stm32f10x_it.o(i.HardFault_Handler)
    LEDOff                                   0x08000ed9   Thumb Code    18  gpio.o(i.LEDOff)
    LEDOff2                                  0x08000ef5   Thumb Code    18  gpio.o(i.LEDOff2)
    LEDOn                                    0x08000f11   Thumb Code    18  gpio.o(i.LEDOn)
    LEDOn2                                   0x08000f2d   Thumb Code    18  gpio.o(i.LEDOn2)
    LEDToggle                                0x08000f49   Thumb Code    18  gpio.o(i.LEDToggle)
    LED_Init                                 0x08000f65   Thumb Code    80  gpio.o(i.LED_Init)
    MIDI_Decode                              0x08000fbd   Thumb Code   312  usbh_hid_midi.o(i.MIDI_Decode)
    MIDI_SendData                            0x08001119   Thumb Code    54  usbh_hid_midi.o(i.MIDI_SendData)
    MemManage_Handler                        0x08001159   Thumb Code     4  stm32f10x_it.o(i.MemManage_Handler)
    NMI_Handler                              0x0800115d   Thumb Code     2  stm32f10x_it.o(i.NMI_Handler)
    NVIC_Init                                0x08001161   Thumb Code   100  misc.o(i.NVIC_Init)
    NVIC_PriorityGroupConfig                 0x080011d1   Thumb Code    10  misc.o(i.NVIC_PriorityGroupConfig)
    NVIC_SetVectorTable                      0x080011e5   Thumb Code    12  misc.o(i.NVIC_SetVectorTable)
    OTG_FS_IRQHandler                        0x080011f9   Thumb Code    10  stm32f10x_it.o(i.OTG_FS_IRQHandler)
    PendSV_Handler                           0x08001209   Thumb Code     2  stm32f10x_it.o(i.PendSV_Handler)
    RCC_AHBPeriphClockCmd                    0x0800120d   Thumb Code    26  stm32f10x_rcc.o(i.RCC_AHBPeriphClockCmd)
    RCC_APB1PeriphClockCmd                   0x0800122d   Thumb Code    26  stm32f10x_rcc.o(i.RCC_APB1PeriphClockCmd)
    RCC_APB2PeriphClockCmd                   0x0800124d   Thumb Code    26  stm32f10x_rcc.o(i.RCC_APB2PeriphClockCmd)
    RCC_GetClocksFreq                        0x0800126d   Thumb Code   374  stm32f10x_rcc.o(i.RCC_GetClocksFreq)
    RCC_OTGFSCLKConfig                       0x080013fd   Thumb Code     6  stm32f10x_rcc.o(i.RCC_OTGFSCLKConfig)
    RTC_IRQHandler                           0x08001409   Thumb Code     2  stm32f10x_it.o(i.RTC_IRQHandler)
    SVC_Handler                              0x0800140b   Thumb Code     2  stm32f10x_it.o(i.SVC_Handler)
    SYSTICK_Configuration                    0x0800140d   Thumb Code    92  main.o(i.SYSTICK_Configuration)
    SysTick_Handler                          0x080015e9   Thumb Code     8  stm32f10x_it.o(i.SysTick_Handler)
    SysTick_ISR                              0x080015f1   Thumb Code    18  delay.o(i.SysTick_ISR)
    SystemInit                               0x08001609   Thumb Code    92  system_stm32f10x.o(i.SystemInit)
    TIM2_IRQHandler                          0x08001675   Thumb Code     8  stm32f10x_it.o(i.TIM2_IRQHandler)
    TIM3_IRQHandler                          0x0800167d   Thumb Code    62  time.o(i.TIM3_IRQHandler)
    TIM_ARRPreloadConfig                     0x080016c9   Thumb Code    24  stm32f10x_tim.o(i.TIM_ARRPreloadConfig)
    TIM_ClearITPendingBit                    0x080016e1   Thumb Code     6  stm32f10x_tim.o(i.TIM_ClearITPendingBit)
    TIM_Cmd                                  0x080016e7   Thumb Code    24  stm32f10x_tim.o(i.TIM_Cmd)
    TIM_GetITStatus                          0x080016ff   Thumb Code    34  stm32f10x_tim.o(i.TIM_GetITStatus)
    TIM_ITConfig                             0x08001721   Thumb Code    18  stm32f10x_tim.o(i.TIM_ITConfig)
    TIM_TimeBaseInit                         0x08001735   Thumb Code   122  stm32f10x_tim.o(i.TIM_TimeBaseInit)
    TimeInit                                 0x080017d9   Thumb Code    92  time.o(i.TimeInit)
    USART2_IRQHandler                        0x08001839   Thumb Code   374  usart.o(i.USART2_IRQHandler)
    USART2_Init                              0x080019e9   Thumb Code   148  usart.o(i.USART2_Init)
    USART2_NVIC                              0x08001a85   Thumb Code    42  usart.o(i.USART2_NVIC)
    USART_ClearFlag                          0x08001aaf   Thumb Code    18  stm32f10x_usart.o(i.USART_ClearFlag)
    USART_ClearITPendingBit                  0x08001ac1   Thumb Code    30  stm32f10x_usart.o(i.USART_ClearITPendingBit)
    USART_Cmd                                0x08001adf   Thumb Code    24  stm32f10x_usart.o(i.USART_Cmd)
    USART_GetITStatus                        0x08001af7   Thumb Code    84  stm32f10x_usart.o(i.USART_GetITStatus)
    USART_ITConfig                           0x08001b4b   Thumb Code    74  stm32f10x_usart.o(i.USART_ITConfig)
    USART_Init                               0x08001b95   Thumb Code   210  stm32f10x_usart.o(i.USART_Init)
    USART_ReceiveData                        0x08001c6d   Thumb Code    10  stm32f10x_usart.o(i.USART_ReceiveData)
    USART_SendData                           0x08001c77   Thumb Code     8  stm32f10x_usart.o(i.USART_SendData)
    USBH_Alloc_Channel                       0x08001c7f   Thumb Code    38  usbh_hcs.o(i.USBH_Alloc_Channel)
    USBH_BulkReceiveData                     0x08001ca5   Thumb Code    96  usbh_ioreq.o(i.USBH_BulkReceiveData)
    USBH_ClrFeature                          0x08001d05   Thumb Code    76  usbh_stdreq.o(i.USBH_ClrFeature)
    USBH_Connected                           0x08001d51   Thumb Code    12  usbh_core.o(i.USBH_Connected)
    USBH_CtlReceiveData                      0x08001d5d   Thumb Code    70  usbh_ioreq.o(i.USBH_CtlReceiveData)
    USBH_CtlReq                              0x08001da3   Thumb Code   100  usbh_ioreq.o(i.USBH_CtlReq)
    USBH_CtlSendData                         0x08001e07   Thumb Code   110  usbh_ioreq.o(i.USBH_CtlSendData)
    USBH_CtlSendSetup                        0x08001e75   Thumb Code    66  usbh_ioreq.o(i.USBH_CtlSendSetup)
    USBH_DeAllocate_AllChannel               0x08001eb7   Thumb Code    28  usbh_hcs.o(i.USBH_DeAllocate_AllChannel)
    USBH_DeInit                              0x08001ed3   Thumb Code    58  usbh_core.o(i.USBH_DeInit)
    USBH_Disconnected                        0x08001f0d   Thumb Code    12  usbh_core.o(i.USBH_Disconnected)
    USBH_ErrorHandle                         0x08001f19   Thumb Code    46  usbh_core.o(i.USBH_ErrorHandle)
    USBH_Free_Channel                        0x08001f47   Thumb Code    30  usbh_hcs.o(i.USBH_Free_Channel)
    USBH_GetDescriptor                       0x08001f65   Thumb Code    68  usbh_stdreq.o(i.USBH_GetDescriptor)
    USBH_GetNextDesc                         0x08001fd1   Thumb Code    18  usbh_stdreq.o(i.USBH_GetNextDesc)
    USBH_Get_CfgDesc                         0x08001fe5   Thumb Code    88  usbh_stdreq.o(i.USBH_Get_CfgDesc)
    USBH_Get_DevDesc                         0x08002041   Thumb Code    56  usbh_stdreq.o(i.USBH_Get_DevDesc)
    USBH_Get_StringDesc                      0x08002079   Thumb Code    60  usbh_stdreq.o(i.USBH_Get_StringDesc)
    USBH_HandleControl                       0x080020b5   Thumb Code   544  usbh_core.o(i.USBH_HandleControl)
    USBH_Init                                0x080024b5   Thumb Code    68  usbh_core.o(i.USBH_Init)
    USBH_Modify_Channel                      0x0800279d   Thumb Code   100  usbh_hcs.o(i.USBH_Modify_Channel)
    USBH_OTG_ISR_Handler                     0x08002801   Thumb Code   168  usb_hcd_int.o(i.USBH_OTG_ISR_Handler)
    USBH_Open_Channel                        0x080028a9   Thumb Code   154  usbh_hcs.o(i.USBH_Open_Channel)
    USBH_Process                             0x08002b35   Thumb Code   402  usbh_core.o(i.USBH_Process)
    USBH_SOF                                 0x08002cc7   Thumb Code     6  usbh_core.o(i.USBH_SOF)
    USBH_SetAddress                          0x08002ccd   Thumb Code    38  usbh_stdreq.o(i.USBH_SetAddress)
    USBH_SetCfg                              0x08002cf3   Thumb Code    38  usbh_stdreq.o(i.USBH_SetCfg)
    USBH_USR_Configuration_DescAvailable     0x08002d31   Thumb Code    16  usbh_hid_usr.o(i.USBH_USR_Configuration_DescAvailable)
    USBH_USR_DeInit                          0x08002d41   Thumb Code     8  usbh_hid_usr.o(i.USBH_USR_DeInit)
    USBH_USR_DeviceAddressAssigned           0x08002d4d   Thumb Code     2  usbh_hid_usr.o(i.USBH_USR_DeviceAddressAssigned)
    USBH_USR_DeviceAttached                  0x08002d4f   Thumb Code     2  usbh_hid_usr.o(i.USBH_USR_DeviceAttached)
    USBH_USR_DeviceDisconnected              0x08002d51   Thumb Code     2  usbh_hid_usr.o(i.USBH_USR_DeviceDisconnected)
    USBH_USR_DeviceNotSupported              0x08002d53   Thumb Code     2  usbh_hid_usr.o(i.USBH_USR_DeviceNotSupported)
    USBH_USR_DeviceSpeedDetected             0x08002d55   Thumb Code    10  usbh_hid_usr.o(i.USBH_USR_DeviceSpeedDetected)
    USBH_USR_Device_DescAvailable            0x08002d5f   Thumb Code    12  usbh_hid_usr.o(i.USBH_USR_Device_DescAvailable)
    USBH_USR_EnumerationDone                 0x08002d6d   Thumb Code     8  usbh_hid_usr.o(i.USBH_USR_EnumerationDone)
    USBH_USR_Init                            0x08002d79   Thumb Code     2  usbh_hid_usr.o(i.USBH_USR_Init)
    USBH_USR_Manufacturer_String             0x08002d7b   Thumb Code     2  usbh_hid_usr.o(i.USBH_USR_Manufacturer_String)
    USBH_USR_OverCurrentDetected             0x08002d7d   Thumb Code     2  usbh_hid_usr.o(i.USBH_USR_OverCurrentDetected)
    USBH_USR_Product_String                  0x08002d7f   Thumb Code     2  usbh_hid_usr.o(i.USBH_USR_Product_String)
    USBH_USR_ResetDevice                     0x08002d81   Thumb Code     2  usbh_hid_usr.o(i.USBH_USR_ResetDevice)
    USBH_USR_SerialNum_String                0x08002d83   Thumb Code     2  usbh_hid_usr.o(i.USBH_USR_SerialNum_String)
    USBH_USR_UnrecoveredError                0x08002d85   Thumb Code     2  usbh_hid_usr.o(i.USBH_USR_UnrecoveredError)
    USBH_USR_UserInput                       0x08002d87   Thumb Code    16  usbh_hid_usr.o(i.USBH_USR_UserInput)
    USB_OTG_BSP_ConfigVBUS                   0x08002d99   Thumb Code    58  usb_bsp.o(i.USB_OTG_BSP_ConfigVBUS)
    USB_OTG_BSP_DriveVBUS                    0x08002dd9   Thumb Code    32  usb_bsp.o(i.USB_OTG_BSP_DriveVBUS)
    USB_OTG_BSP_EnableInterrupt              0x08002dfd   Thumb Code    44  usb_bsp.o(i.USB_OTG_BSP_EnableInterrupt)
    USB_OTG_BSP_Init                         0x08002e29   Thumb Code    24  usb_bsp.o(i.USB_OTG_BSP_Init)
    USB_OTG_BSP_TimerIRQ                     0x08002e7d   Thumb Code    50  usb_bsp.o(i.USB_OTG_BSP_TimerIRQ)
    USB_OTG_BSP_mDelay                       0x08002eb5   Thumb Code    14  usb_bsp.o(i.USB_OTG_BSP_mDelay)
    USB_OTG_BSP_uDelay                       0x08002ec3   Thumb Code    14  usb_bsp.o(i.USB_OTG_BSP_uDelay)
    USB_OTG_CoreInit                         0x08002ed1   Thumb Code   294  usb_core.o(i.USB_OTG_CoreInit)
    USB_OTG_CoreInitHost                     0x08002ff7   Thumb Code   214  usb_core.o(i.USB_OTG_CoreInitHost)
    USB_OTG_DisableGlobalInt                 0x0800313d   Thumb Code    34  usb_core.o(i.USB_OTG_DisableGlobalInt)
    USB_OTG_DriveVbus                        0x0800315f   Thumb Code    92  usb_core.o(i.USB_OTG_DriveVbus)
    USB_OTG_EnableGlobalInt                  0x080031ef   Thumb Code    34  usb_core.o(i.USB_OTG_EnableGlobalInt)
    USB_OTG_EnableHostInt                    0x08003211   Thumb Code   116  usb_core.o(i.USB_OTG_EnableHostInt)
    USB_OTG_FlushRxFifo                      0x08003285   Thumb Code    70  usb_core.o(i.USB_OTG_FlushRxFifo)
    USB_OTG_FlushTxFifo                      0x080032d1   Thumb Code    80  usb_core.o(i.USB_OTG_FlushTxFifo)
    USB_OTG_GetMode                          0x08003325   Thumb Code    12  usb_core.o(i.USB_OTG_GetMode)
    USB_OTG_HC_DoPing                        0x08003331   Thumb Code    90  usb_core.o(i.USB_OTG_HC_DoPing)
    USB_OTG_HC_Halt                          0x0800338b   Thumb Code   130  usb_core.o(i.USB_OTG_HC_Halt)
    USB_OTG_HC_Init                          0x0800340d   Thumb Code   568  usb_core.o(i.USB_OTG_HC_Init)
    USB_OTG_HC_StartXfer                     0x08003645   Thumb Code   502  usb_core.o(i.USB_OTG_HC_StartXfer)
    USB_OTG_InitFSLSPClkSel                  0x0800383b   Thumb Code    24  usb_core.o(i.USB_OTG_InitFSLSPClkSel)
    USB_OTG_IsEvenFrame                      0x08003853   Thumb Code    16  usb_core.o(i.USB_OTG_IsEvenFrame)
    USB_OTG_IsHostMode                       0x08003863   Thumb Code    20  usb_core.o(i.USB_OTG_IsHostMode)
    USB_OTG_ReadCoreItr                      0x08003877   Thumb Code    16  usb_core.o(i.USB_OTG_ReadCoreItr)
    USB_OTG_ReadHPRT0                        0x08003887   Thumb Code    48  usb_core.o(i.USB_OTG_ReadHPRT0)
    USB_OTG_ReadHostAllChannels_intr         0x080038b7   Thumb Code     8  usb_core.o(i.USB_OTG_ReadHostAllChannels_intr)
    USB_OTG_ReadPacket                       0x080038bf   Thumb Code    40  usb_core.o(i.USB_OTG_ReadPacket)
    USB_OTG_ResetPort                        0x080038e7   Thumb Code    64  usb_core.o(i.USB_OTG_ResetPort)
    USB_OTG_SelectCore                       0x08003929   Thumb Code   204  usb_core.o(i.USB_OTG_SelectCore)
    USB_OTG_SetCurrentMode                   0x080039f9   Thumb Code    78  usb_core.o(i.USB_OTG_SetCurrentMode)
    USB_OTG_WritePacket                      0x08004819   Thumb Code    64  usb_core.o(i.USB_OTG_WritePacket)
    UsageFault_Handler                       0x08004859   Thumb Code     4  stm32f10x_it.o(i.UsageFault_Handler)
    delay_ms                                 0x0800485d   Thumb Code    64  delay.o(i.delay_ms)
    fputc                                    0x080048a5   Thumb Code     2  usart.o(i.fputc)
    main                                     0x080048a9   Thumb Code   212  main.o(i.main)
    usart_app                                0x080049a9   Thumb Code    38  usart.o(i.usart_app)
    usart_send                               0x080049e1   Thumb Code    62  usart.o(i.usart_send)
    GPIO_PIN                                 0x08004a30   Data           6  gpio.o(.constdata)
    __stdin_name                             0x08004a36   Data           4  sys_io.o(.constdata)
    __stdout_name                            0x08004a3a   Data           4  sys_io.o(.constdata)
    __stderr_name                            0x08004a3e   Data           4  sys_io.o(.constdata)
    Region$$Table$$Base                      0x08004a44   Number         0  anon$$obj.o(Region$$Table)
    Region$$Table$$Limit                     0x08004a64   Number         0  anon$$obj.o(Region$$Table)
    SystemCoreClock                          0x20000000   Data           4  system_stm32f10x.o(.data)
    AHBPrescTable                            0x20000004   Data          16  system_stm32f10x.o(.data)
    box_tx_flag                              0x20000014   Data           2  main.o(.data)
    sys_box                                  0x20000016   Data           4  main.o(.data)
    USBH_HID_EnumDone                        0x2000001c   Data           1  usbh_hid_usr.o(.data)
    KeybrdCharXpos                           0x2000001d   Data           1  usbh_hid_usr.o(.data)
    KeybrdCharYpos                           0x2000001e   Data           2  usbh_hid_usr.o(.data)
    x_loc                                    0x20000020   Data           2  usbh_hid_usr.o(.data)
    y_loc                                    0x20000022   Data           2  usbh_hid_usr.o(.data)
    prev_x                                   0x20000024   Data           2  usbh_hid_usr.o(.data)
    prev_y                                   0x20000026   Data           2  usbh_hid_usr.o(.data)
    USR_Callbacks                            0x20000028   Data          72  usbh_hid_usr.o(.data)
    HSEStartUpStatus                         0x20000074   Data           1  usb_bsp.o(.data)
    BSP_delay                                0x20000078   Data           4  usb_bsp.o(.data)
    start_toggle                             0x2000007c   Data           1  usbh_hid_midi.o(.data)
    MIDI_cb                                  0x20000080   Data          16  usbh_hid_midi.o(.data)
    midi_flag                                0x20000090   Data           1  usbh_hid_midi.o(.data)
    buf_num                                  0x20000091   Data           1  usbh_hid_midi.o(.data)
    box_num                                  0x20000092   Data           2  usbh_hid_midi.o(.data)
    TimingDelay                              0x20000094   Data           4  delay.o(.data)
    box_num_send                             0x20000098   Data           2  usart.o(.data)
    send_flag                                0x2000009a   Data           1  usart.o(.data)
    sys_bos_num                              0x2000009b   Data           1  usart.o(.data)
    box_rx_flag                              0x2000009c   Data           2  usart.o(.data)
    start_flag                               0x2000009e   Data           1  usart.o(.data)
    tx_flag                                  0x2000009f   Data           1  usart.o(.data)
    sys_flag                                 0x200000a0   Data           1  usart.o(.data)
    sys_flag_ts                              0x200000a1   Data           1  usart.o(.data)
    app_adta                                 0x200000a2   Data           1  usart.o(.data)
    time_sec                                 0x200000a4   Data           2  time.o(.data)
    time_f                                   0x200000a6   Data           1  time.o(.data)
    USBH_HCD_INT_cb                          0x200000bc   Data          12  usbh_core.o(.data)
    USBH_HCD_INT_fops                        0x200000c8   Data           4  usbh_core.o(.data)
    __aeabi_stdin                            0x200000d4   Data           4  stdio_streams.o(.data)
    __aeabi_stdout                           0x200000d8   Data           4  stdio_streams.o(.data)
    __aeabi_stderr                           0x200000dc   Data           4  stdio_streams.o(.data)
    USB_OTG_Core                             0x200000e0   Data        1452  main.o(.bss)
    USB_Host                                 0x2000068c   Data         132  main.o(.bss)
    MIDI_Machine                             0x20000710   Data          80  usbh_hid_midi.o(.bss)
    buf_hc                                   0x20000760   Data          30  usbh_hid_midi.o(.bss)
    box_x                                    0x2000077e   Data         301  usbh_hid_midi.o(.bss)
    box_rx                                   0x200008ab   Data         300  usart.o(.bss)
    USBH_CfgDesc                             0x200009d7   Data         512  usbh_stdreq.o(.bss)
    __stdin                                  0x20000bd8   Data          84  stdio_streams.o(.bss)
    __stdout                                 0x20000c2c   Data          84  stdio_streams.o(.bss)
    __stderr                                 0x20000c80   Data          84  stdio_streams.o(.bss)
    __libspace_start                         0x20000cd4   Data          96  libspace.o(.bss)
    __temporary_stack_top$libspace           0x20000d34   Data           0  libspace.o(.bss)



==============================================================================

Memory Map of the image

  Image Entry point : 0x08000151

  Load Region LR_IROM1 (Base: 0x08000000, Size: 0x00004b44, Max: 0x00040000, ABSOLUTE)

    Execution Region ER_IROM1 (Base: 0x08000000, Size: 0x00004a64, Max: 0x00040000, ABSOLUTE)

    Base Addr    Size         Type   Attr      Idx    E Section Name        Object

    0x08000000   0x00000150   Data   RO            3    RESET               startup_stm32f10x_cl.o
    0x08000150   0x00000008   Code   RO         3021  * !!!main             c_w.l(__main.o)
    0x08000158   0x00000034   Code   RO         3340    !!!scatter          c_w.l(__scatter.o)
    0x0800018c   0x0000001a   Code   RO         3342    !!handler_copy      c_w.l(__scatter_copy.o)
    0x080001a6   0x00000002   PAD
    0x080001a8   0x0000001c   Code   RO         3344    !!handler_zi        c_w.l(__scatter_zi.o)
    0x080001c4   0x00000002   Code   RO         3148    .ARM.Collect$$libinit$$00000000  c_w.l(libinit.o)
    0x080001c6   0x00000000   Code   RO         3150    .ARM.Collect$$libinit$$00000002  c_w.l(libinit2.o)
    0x080001c6   0x00000000   Code   RO         3152    .ARM.Collect$$libinit$$00000004  c_w.l(libinit2.o)
    0x080001c6   0x00000008   Code   RO         3153    .ARM.Collect$$libinit$$00000005  c_w.l(libinit2.o)
    0x080001ce   0x00000000   Code   RO         3155    .ARM.Collect$$libinit$$0000000A  c_w.l(libinit2.o)
    0x080001ce   0x00000000   Code   RO         3157    .ARM.Collect$$libinit$$0000000C  c_w.l(libinit2.o)
    0x080001ce   0x00000000   Code   RO         3159    .ARM.Collect$$libinit$$0000000E  c_w.l(libinit2.o)
    0x080001ce   0x00000000   Code   RO         3162    .ARM.Collect$$libinit$$00000011  c_w.l(libinit2.o)
    0x080001ce   0x00000000   Code   RO         3164    .ARM.Collect$$libinit$$00000013  c_w.l(libinit2.o)
    0x080001ce   0x00000000   Code   RO         3166    .ARM.Collect$$libinit$$00000015  c_w.l(libinit2.o)
    0x080001ce   0x00000000   Code   RO         3168    .ARM.Collect$$libinit$$00000017  c_w.l(libinit2.o)
    0x080001ce   0x00000000   Code   RO         3170    .ARM.Collect$$libinit$$00000019  c_w.l(libinit2.o)
    0x080001ce   0x00000000   Code   RO         3172    .ARM.Collect$$libinit$$0000001B  c_w.l(libinit2.o)
    0x080001ce   0x00000000   Code   RO         3174    .ARM.Collect$$libinit$$0000001D  c_w.l(libinit2.o)
    0x080001ce   0x00000000   Code   RO         3176    .ARM.Collect$$libinit$$0000001F  c_w.l(libinit2.o)
    0x080001ce   0x00000000   Code   RO         3178    .ARM.Collect$$libinit$$00000021  c_w.l(libinit2.o)
    0x080001ce   0x00000000   Code   RO         3180    .ARM.Collect$$libinit$$00000023  c_w.l(libinit2.o)
    0x080001ce   0x00000004   Code   RO         3181    .ARM.Collect$$libinit$$00000024  c_w.l(libinit2.o)
    0x080001d2   0x00000000   Code   RO         3182    .ARM.Collect$$libinit$$00000025  c_w.l(libinit2.o)
    0x080001d2   0x00000000   Code   RO         3186    .ARM.Collect$$libinit$$0000002C  c_w.l(libinit2.o)
    0x080001d2   0x00000000   Code   RO         3188    .ARM.Collect$$libinit$$0000002E  c_w.l(libinit2.o)
    0x080001d2   0x00000000   Code   RO         3190    .ARM.Collect$$libinit$$00000030  c_w.l(libinit2.o)
    0x080001d2   0x00000000   Code   RO         3192    .ARM.Collect$$libinit$$00000032  c_w.l(libinit2.o)
    0x080001d2   0x00000002   Code   RO         3193    .ARM.Collect$$libinit$$00000033  c_w.l(libinit2.o)
    0x080001d4   0x00000002   Code   RO         3319    .ARM.Collect$$libshutdown$$00000000  c_w.l(libshutdown.o)
    0x080001d6   0x00000004   Code   RO         3195    .ARM.Collect$$libshutdown$$00000002  c_w.l(libshutdown2.o)
    0x080001da   0x00000000   Code   RO         3196    .ARM.Collect$$libshutdown$$00000003  c_w.l(libshutdown2.o)
    0x080001da   0x00000000   Code   RO         3199    .ARM.Collect$$libshutdown$$00000006  c_w.l(libshutdown2.o)
    0x080001da   0x00000000   Code   RO         3202    .ARM.Collect$$libshutdown$$00000009  c_w.l(libshutdown2.o)
    0x080001da   0x00000000   Code   RO         3204    .ARM.Collect$$libshutdown$$0000000B  c_w.l(libshutdown2.o)
    0x080001da   0x00000000   Code   RO         3207    .ARM.Collect$$libshutdown$$0000000E  c_w.l(libshutdown2.o)
    0x080001da   0x00000002   Code   RO         3208    .ARM.Collect$$libshutdown$$0000000F  c_w.l(libshutdown2.o)
    0x080001dc   0x00000000   Code   RO         3023    .ARM.Collect$$rtentry$$00000000  c_w.l(__rtentry.o)
    0x080001dc   0x00000000   Code   RO         3033    .ARM.Collect$$rtentry$$00000002  c_w.l(__rtentry2.o)
    0x080001dc   0x00000006   Code   RO         3045    .ARM.Collect$$rtentry$$00000004  c_w.l(__rtentry4.o)
    0x080001e2   0x00000000   Code   RO         3035    .ARM.Collect$$rtentry$$00000009  c_w.l(__rtentry2.o)
    0x080001e2   0x00000004   Code   RO         3036    .ARM.Collect$$rtentry$$0000000A  c_w.l(__rtentry2.o)
    0x080001e6   0x00000000   Code   RO         3038    .ARM.Collect$$rtentry$$0000000C  c_w.l(__rtentry2.o)
    0x080001e6   0x00000008   Code   RO         3039    .ARM.Collect$$rtentry$$0000000D  c_w.l(__rtentry2.o)
    0x080001ee   0x00000002   Code   RO         3215    .ARM.Collect$$rtexit$$00000000  c_w.l(rtexit.o)
    0x080001f0   0x00000000   Code   RO         3265    .ARM.Collect$$rtexit$$00000002  c_w.l(rtexit2.o)
    0x080001f0   0x00000004   Code   RO         3266    .ARM.Collect$$rtexit$$00000003  c_w.l(rtexit2.o)
    0x080001f4   0x00000006   Code   RO         3267    .ARM.Collect$$rtexit$$00000004  c_w.l(rtexit2.o)
    0x080001fa   0x00000002   PAD
    0x080001fc   0x00000000   Code   RO         3271    .emb_text           c_w.l(maybetermalloc1.o)
    0x080001fc   0x00000040   Code   RO            4    .text               startup_stm32f10x_cl.o
    0x0800023c   0x00000018   Code   RO         3017    .text               c_w.l(noretval__2printf.o)
    0x08000254   0x00000006   Code   RO         3019    .text               c_w.l(heapauxi.o)
    0x0800025a   0x00000002   PAD
    0x0800025c   0x00000024   Code   RO         3024    .text               c_w.l(_printf_char_file.o)
    0x08000280   0x00000030   Code   RO         3047    .text               c_w.l(_printf_char_common.o)
    0x080002b0   0x00000008   Code   RO         3049    .text               c_w.l(ferror.o)
    0x080002b8   0x00000138   Code   RO         3051    .text               c_w.l(initio.o)
    0x080003f0   0x00000066   Code   RO         3057    .text               c_w.l(sys_io.o)
    0x08000456   0x0000004a   Code   RO         3064    .text               c_w.l(sys_stackheap_outer.o)
    0x080004a0   0x0000004e   Code   RO         3068    .text               c_w.l(h1_free.o)
    0x080004ee   0x00000028   Code   RO         3122    .text               c_w.l(__printf_nopercent.o)
    0x08000516   0x00000046   Code   RO         3124    .text               c_w.l(setvbuf.o)
    0x0800055c   0x000000ec   Code   RO         3127    .text               c_w.l(fopen.o)
    0x08000648   0x0000004c   Code   RO         3129    .text               c_w.l(fclose.o)
    0x08000694   0x0000000c   Code   RO         3135    .text               c_w.l(exit.o)
    0x080006a0   0x0000000e   Code   RO         3137    .text               c_w.l(defsig_rtred_outer.o)
    0x080006ae   0x0000004e   Code   RO         3141    .text               c_w.l(rt_memclr_w.o)
    0x080006fc   0x00000008   Code   RO         3209    .text               c_w.l(libspace.o)
    0x08000704   0x00000002   Code   RO         3212    .text               c_w.l(use_no_semi.o)
    0x08000706   0x00000000   Code   RO         3214    .text               c_w.l(indicate_semi.o)
    0x08000706   0x00000002   PAD
    0x08000708   0x00000008   Code   RO         3222    .text               c_w.l(rt_heap_descriptor_intlibspace.o)
    0x08000710   0x00000004   Code   RO         3224    .text               c_w.l(hguard.o)
    0x08000714   0x0000008a   Code   RO         3226    .text               c_w.l(init_alloc.o)
    0x0800079e   0x0000005e   Code   RO         3232    .text               c_w.l(h1_alloc.o)
    0x080007fc   0x000000f8   Code   RO         3246    .text               c_w.l(fseek.o)
    0x080008f4   0x000000f0   Code   RO         3248    .text               c_w.l(stdio.o)
    0x080009e4   0x0000000a   Code   RO         3250    .text               c_w.l(defsig_exit.o)
    0x080009ee   0x00000002   PAD
    0x080009f0   0x00000034   Code   RO         3252    .text               c_w.l(defsig_rtred_inner.o)
    0x08000a24   0x0000003e   Code   RO         3254    .text               c_w.l(strlen.o)
    0x08000a62   0x00000002   PAD
    0x08000a64   0x0000000c   Code   RO         3262    .text               c_w.l(sys_exit.o)
    0x08000a70   0x0000000e   Code   RO         3273    .text               c_w.l(h1_init.o)
    0x08000a7e   0x00000034   Code   RO         3275    .text               c_w.l(h1_extend.o)
    0x08000ab2   0x00000042   Code   RO         3281    .text               c_w.l(ftell.o)
    0x08000af4   0x00000032   Code   RO         3285    .text               c_w.l(defsig_general.o)
    0x08000b26   0x0000000e   Code   RO         3287    .text               c_w.l(defsig_rtmem_outer.o)
    0x08000b34   0x0000000e   Code   RO         3300    .text               c_w.l(sys_wrch.o)
    0x08000b42   0x00000002   PAD
    0x08000b44   0x00000008   Code   RO         3307    .text               c_w.l(rt_errno_addr_intlibspace.o)
    0x08000b4c   0x00000050   Code   RO         3313    .text               c_w.l(defsig_rtmem_inner.o)
    0x08000b9c   0x0000002c   Code   RO          501    i.BSP_Delay         usb_bsp.o
    0x08000bc8   0x0000006e   Code   RO          502    i.BSP_SetTime       usb_bsp.o
    0x08000c36   0x00000004   Code   RO          211    i.BusFault_Handler  stm32f10x_it.o
    0x08000c3a   0x00000002   PAD
    0x08000c3c   0x00000010   Code   RO          673    i.Button_GetState   gpio.o
    0x08000c4c   0x00000002   Code   RO          212    i.DebugMon_Handler  stm32f10x_it.o
    0x08000c4e   0x00000002   Code   RO          213    i.EXTI0_IRQHandler  stm32f10x_it.o
    0x08000c50   0x00000020   Code   RO          214    i.EXTI1_IRQHandler  stm32f10x_it.o
    0x08000c70   0x00000002   Code   RO          215    i.EXTI9_5_IRQHandler  stm32f10x_it.o
    0x08000c72   0x00000002   PAD
    0x08000c74   0x0000000c   Code   RO         2096    i.EXTI_ClearITPendingBit  stm32f10x_exti.o
    0x08000c80   0x00000028   Code   RO         2100    i.EXTI_GetITStatus  stm32f10x_exti.o
    0x08000ca8   0x00000116   Code   RO         1183    i.GPIO_Init         stm32f10x_gpio.o
    0x08000dbe   0x00000012   Code   RO         1187    i.GPIO_ReadInputDataBit  stm32f10x_gpio.o
    0x08000dd0   0x00000004   Code   RO         1190    i.GPIO_ResetBits    stm32f10x_gpio.o
    0x08000dd4   0x00000004   Code   RO         1191    i.GPIO_SetBits      stm32f10x_gpio.o
    0x08000dd8   0x0000000a   Code   RO         2878    i.HCD_GetCurrentFrame  usb_hcd.o
    0x08000de2   0x00000014   Code   RO         2879    i.HCD_GetCurrentSpeed  usb_hcd.o
    0x08000df6   0x0000000a   Code   RO         2881    i.HCD_GetURB_State  usb_hcd.o
    0x08000e00   0x00000060   Code   RO         2884    i.HCD_Init          usb_hcd.o
    0x08000e60   0x00000008   Code   RO         2885    i.HCD_IsDeviceConnected  usb_hcd.o
    0x08000e68   0x0000000e   Code   RO         2886    i.HCD_ResetPort     usb_hcd.o
    0x08000e76   0x00000020   Code   RO         2887    i.HCD_SubmitRequest  usb_hcd.o
    0x08000e96   0x00000004   Code   RO          216    i.HardFault_Handler  stm32f10x_it.o
    0x08000e9a   0x00000002   PAD
    0x08000e9c   0x0000003c   Code   RO           96    i.InitBoard         main.o
    0x08000ed8   0x0000001c   Code   RO          676    i.LEDOff            gpio.o
    0x08000ef4   0x0000001c   Code   RO          677    i.LEDOff2           gpio.o
    0x08000f10   0x0000001c   Code   RO          678    i.LEDOn             gpio.o
    0x08000f2c   0x0000001c   Code   RO          679    i.LEDOn2            gpio.o
    0x08000f48   0x0000001c   Code   RO          680    i.LEDToggle         gpio.o
    0x08000f64   0x00000058   Code   RO          681    i.LED_Init          gpio.o
    0x08000fbc   0x0000015c   Code   RO          571    i.MIDI_Decode       usbh_hid_midi.o
    0x08001118   0x00000040   Code   RO          573    i.MIDI_SendData     usbh_hid_midi.o
    0x08001158   0x00000004   Code   RO          217    i.MemManage_Handler  stm32f10x_it.o
    0x0800115c   0x00000002   Code   RO          218    i.NMI_Handler       stm32f10x_it.o
    0x0800115e   0x00000002   PAD
    0x08001160   0x00000070   Code   RO          826    i.NVIC_Init         misc.o
    0x080011d0   0x00000014   Code   RO          827    i.NVIC_PriorityGroupConfig  misc.o
    0x080011e4   0x00000014   Code   RO          828    i.NVIC_SetVectorTable  misc.o
    0x080011f8   0x00000010   Code   RO          219    i.OTG_FS_IRQHandler  stm32f10x_it.o
    0x08001208   0x00000002   Code   RO          220    i.PendSV_Handler    stm32f10x_it.o
    0x0800120a   0x00000002   PAD
    0x0800120c   0x00000020   Code   RO         2154    i.RCC_AHBPeriphClockCmd  stm32f10x_rcc.o
    0x0800122c   0x00000020   Code   RO         2156    i.RCC_APB1PeriphClockCmd  stm32f10x_rcc.o
    0x0800124c   0x00000020   Code   RO         2158    i.RCC_APB2PeriphClockCmd  stm32f10x_rcc.o
    0x0800126c   0x00000190   Code   RO         2166    i.RCC_GetClocksFreq  stm32f10x_rcc.o
    0x080013fc   0x0000000c   Code   RO         2179    i.RCC_OTGFSCLKConfig  stm32f10x_rcc.o
    0x08001408   0x00000002   Code   RO          221    i.RTC_IRQHandler    stm32f10x_it.o
    0x0800140a   0x00000002   Code   RO          222    i.SVC_Handler       stm32f10x_it.o
    0x0800140c   0x00000068   Code   RO           97    i.SYSTICK_Configuration  main.o
    0x08001474   0x00000008   Code   RO           11    i.SetSysClock       system_stm32f10x.o
    0x0800147c   0x00000118   Code   RO           12    i.SetSysClockTo72   system_stm32f10x.o
    0x08001594   0x00000054   Code   RO          633    i.SysTick_Config    delay.o
    0x080015e8   0x00000008   Code   RO          223    i.SysTick_Handler   stm32f10x_it.o
    0x080015f0   0x00000018   Code   RO          634    i.SysTick_ISR       delay.o
    0x08001608   0x0000006c   Code   RO           14    i.SystemInit        system_stm32f10x.o
    0x08001674   0x00000008   Code   RO          224    i.TIM2_IRQHandler   stm32f10x_it.o
    0x0800167c   0x0000004c   Code   RO          801    i.TIM3_IRQHandler   time.o
    0x080016c8   0x00000018   Code   RO         1483    i.TIM_ARRPreloadConfig  stm32f10x_tim.o
    0x080016e0   0x00000006   Code   RO         1490    i.TIM_ClearITPendingBit  stm32f10x_tim.o
    0x080016e6   0x00000018   Code   RO         1495    i.TIM_Cmd           stm32f10x_tim.o
    0x080016fe   0x00000022   Code   RO         1516    i.TIM_GetITStatus   stm32f10x_tim.o
    0x08001720   0x00000012   Code   RO         1520    i.TIM_ITConfig      stm32f10x_tim.o
    0x08001732   0x00000002   PAD
    0x08001734   0x000000a4   Code   RO         1566    i.TIM_TimeBaseInit  stm32f10x_tim.o
    0x080017d8   0x00000060   Code   RO          802    i.TimeInit          time.o
    0x08001838   0x000001b0   Code   RO          744    i.USART2_IRQHandler  usart.o
    0x080019e8   0x0000009c   Code   RO          745    i.USART2_Init       usart.o
    0x08001a84   0x0000002a   Code   RO          746    i.USART2_NVIC       usart.o
    0x08001aae   0x00000012   Code   RO         1295    i.USART_ClearFlag   stm32f10x_usart.o
    0x08001ac0   0x0000001e   Code   RO         1296    i.USART_ClearITPendingBit  stm32f10x_usart.o
    0x08001ade   0x00000018   Code   RO         1299    i.USART_Cmd         stm32f10x_usart.o
    0x08001af6   0x00000054   Code   RO         1303    i.USART_GetITStatus  stm32f10x_usart.o
    0x08001b4a   0x0000004a   Code   RO         1305    i.USART_ITConfig    stm32f10x_usart.o
    0x08001b94   0x000000d8   Code   RO         1306    i.USART_Init        stm32f10x_usart.o
    0x08001c6c   0x0000000a   Code   RO         1313    i.USART_ReceiveData  stm32f10x_usart.o
    0x08001c76   0x00000008   Code   RO         1316    i.USART_SendData    stm32f10x_usart.o
    0x08001c7e   0x00000026   Code   RO         2480    i.USBH_Alloc_Channel  usbh_hcs.o
    0x08001ca4   0x00000060   Code   RO         2525    i.USBH_BulkReceiveData  usbh_ioreq.o
    0x08001d04   0x0000004c   Code   RO         2600    i.USBH_ClrFeature   usbh_stdreq.o
    0x08001d50   0x0000000c   Code   RO         2411    i.USBH_Connected    usbh_core.o
    0x08001d5c   0x00000046   Code   RO         2527    i.USBH_CtlReceiveData  usbh_ioreq.o
    0x08001da2   0x00000064   Code   RO         2528    i.USBH_CtlReq       usbh_ioreq.o
    0x08001e06   0x0000006e   Code   RO         2529    i.USBH_CtlSendData  usbh_ioreq.o
    0x08001e74   0x00000042   Code   RO         2530    i.USBH_CtlSendSetup  usbh_ioreq.o
    0x08001eb6   0x0000001c   Code   RO         2481    i.USBH_DeAllocate_AllChannel  usbh_hcs.o
    0x08001ed2   0x0000003a   Code   RO         2412    i.USBH_DeInit       usbh_core.o
    0x08001f0c   0x0000000c   Code   RO         2413    i.USBH_Disconnected  usbh_core.o
    0x08001f18   0x0000002e   Code   RO         2414    i.USBH_ErrorHandle  usbh_core.o
    0x08001f46   0x0000001e   Code   RO         2482    i.USBH_Free_Channel  usbh_hcs.o
    0x08001f64   0x00000044   Code   RO         2601    i.USBH_GetDescriptor  usbh_stdreq.o
    0x08001fa8   0x00000028   Code   RO         2483    i.USBH_GetFreeChannel  usbh_hcs.o
    0x08001fd0   0x00000012   Code   RO         2602    i.USBH_GetNextDesc  usbh_stdreq.o
    0x08001fe2   0x00000002   PAD
    0x08001fe4   0x0000005c   Code   RO         2603    i.USBH_Get_CfgDesc  usbh_stdreq.o
    0x08002040   0x00000038   Code   RO         2604    i.USBH_Get_DevDesc  usbh_stdreq.o
    0x08002078   0x0000003c   Code   RO         2605    i.USBH_Get_StringDesc  usbh_stdreq.o
    0x080020b4   0x00000224   Code   RO         2415    i.USBH_HandleControl  usbh_core.o
    0x080022d8   0x000001dc   Code   RO         2416    i.USBH_HandleEnum   usbh_core.o
    0x080024b4   0x00000044   Code   RO         2417    i.USBH_Init         usbh_core.o
    0x080024f8   0x00000006   Code   RO          575    i.USBH_MIDI_ClassRequest  usbh_hid_midi.o
    0x080024fe   0x00000002   PAD
    0x08002500   0x000000b4   Code   RO          576    i.USBH_MIDI_Handle  usbh_hid_midi.o
    0x080025b4   0x00000068   Code   RO          577    i.USBH_MIDI_InterfaceDeInit  usbh_hid_midi.o
    0x0800261c   0x00000180   Code   RO          578    i.USBH_MIDI_InterfaceInit  usbh_hid_midi.o
    0x0800279c   0x00000064   Code   RO         2484    i.USBH_Modify_Channel  usbh_hcs.o
    0x08002800   0x000000a8   Code   RO         2948    i.USBH_OTG_ISR_Handler  usb_hcd_int.o
    0x080028a8   0x0000009a   Code   RO         2485    i.USBH_Open_Channel  usbh_hcs.o
    0x08002942   0x00000002   PAD
    0x08002944   0x0000011c   Code   RO         2606    i.USBH_ParseCfgDesc  usbh_stdreq.o
    0x08002a60   0x00000058   Code   RO         2607    i.USBH_ParseDevDesc  usbh_stdreq.o
    0x08002ab8   0x00000020   Code   RO         2608    i.USBH_ParseEPDesc  usbh_stdreq.o
    0x08002ad8   0x00000026   Code   RO         2609    i.USBH_ParseInterfaceDesc  usbh_stdreq.o
    0x08002afe   0x00000036   Code   RO         2610    i.USBH_ParseStringDesc  usbh_stdreq.o
    0x08002b34   0x00000192   Code   RO         2418    i.USBH_Process      usbh_core.o
    0x08002cc6   0x00000006   Code   RO         2419    i.USBH_SOF          usbh_core.o
    0x08002ccc   0x00000026   Code   RO         2611    i.USBH_SetAddress   usbh_stdreq.o
    0x08002cf2   0x00000026   Code   RO         2612    i.USBH_SetCfg       usbh_stdreq.o
    0x08002d18   0x00000018   Code   RO         2535    i.USBH_SubmitSetupRequest  usbh_ioreq.o
    0x08002d30   0x00000010   Code   RO          334    i.USBH_USR_Configuration_DescAvailable  usbh_hid_usr.o
    0x08002d40   0x0000000c   Code   RO          335    i.USBH_USR_DeInit   usbh_hid_usr.o
    0x08002d4c   0x00000002   Code   RO          336    i.USBH_USR_DeviceAddressAssigned  usbh_hid_usr.o
    0x08002d4e   0x00000002   Code   RO          337    i.USBH_USR_DeviceAttached  usbh_hid_usr.o
    0x08002d50   0x00000002   Code   RO          338    i.USBH_USR_DeviceDisconnected  usbh_hid_usr.o
    0x08002d52   0x00000002   Code   RO          339    i.USBH_USR_DeviceNotSupported  usbh_hid_usr.o
    0x08002d54   0x0000000a   Code   RO          340    i.USBH_USR_DeviceSpeedDetected  usbh_hid_usr.o
    0x08002d5e   0x0000000c   Code   RO          341    i.USBH_USR_Device_DescAvailable  usbh_hid_usr.o
    0x08002d6a   0x00000002   PAD
    0x08002d6c   0x0000000c   Code   RO          342    i.USBH_USR_EnumerationDone  usbh_hid_usr.o
    0x08002d78   0x00000002   Code   RO          343    i.USBH_USR_Init     usbh_hid_usr.o
    0x08002d7a   0x00000002   Code   RO          344    i.USBH_USR_Manufacturer_String  usbh_hid_usr.o
    0x08002d7c   0x00000002   Code   RO          345    i.USBH_USR_OverCurrentDetected  usbh_hid_usr.o
    0x08002d7e   0x00000002   Code   RO          346    i.USBH_USR_Product_String  usbh_hid_usr.o
    0x08002d80   0x00000002   Code   RO          347    i.USBH_USR_ResetDevice  usbh_hid_usr.o
    0x08002d82   0x00000002   Code   RO          348    i.USBH_USR_SerialNum_String  usbh_hid_usr.o
    0x08002d84   0x00000002   Code   RO          349    i.USBH_USR_UnrecoveredError  usbh_hid_usr.o
    0x08002d86   0x00000010   Code   RO          350    i.USBH_USR_UserInput  usbh_hid_usr.o
    0x08002d96   0x00000002   PAD
    0x08002d98   0x00000040   Code   RO          503    i.USB_OTG_BSP_ConfigVBUS  usb_bsp.o
    0x08002dd8   0x00000024   Code   RO          504    i.USB_OTG_BSP_DriveVBUS  usb_bsp.o
    0x08002dfc   0x0000002c   Code   RO          505    i.USB_OTG_BSP_EnableInterrupt  usb_bsp.o
    0x08002e28   0x00000018   Code   RO          506    i.USB_OTG_BSP_Init  usb_bsp.o
    0x08002e40   0x0000003a   Code   RO          507    i.USB_OTG_BSP_TimeInit  usb_bsp.o
    0x08002e7a   0x00000002   PAD
    0x08002e7c   0x00000038   Code   RO          508    i.USB_OTG_BSP_TimerIRQ  usb_bsp.o
    0x08002eb4   0x0000000e   Code   RO          509    i.USB_OTG_BSP_mDelay  usb_bsp.o
    0x08002ec2   0x0000000e   Code   RO          510    i.USB_OTG_BSP_uDelay  usb_bsp.o
    0x08002ed0   0x00000126   Code   RO         2696    i.USB_OTG_CoreInit  usb_core.o
    0x08002ff6   0x000000d6   Code   RO         2697    i.USB_OTG_CoreInitHost  usb_core.o
    0x080030cc   0x00000070   Code   RO         2698    i.USB_OTG_CoreReset  usb_core.o
    0x0800313c   0x00000022   Code   RO         2699    i.USB_OTG_DisableGlobalInt  usb_core.o
    0x0800315e   0x0000005c   Code   RO         2700    i.USB_OTG_DriveVbus  usb_core.o
    0x080031ba   0x00000034   Code   RO         2701    i.USB_OTG_EnableCommonInt  usb_core.o
    0x080031ee   0x00000022   Code   RO         2702    i.USB_OTG_EnableGlobalInt  usb_core.o
    0x08003210   0x00000074   Code   RO         2703    i.USB_OTG_EnableHostInt  usb_core.o
    0x08003284   0x0000004c   Code   RO         2704    i.USB_OTG_FlushRxFifo  usb_core.o
    0x080032d0   0x00000054   Code   RO         2705    i.USB_OTG_FlushTxFifo  usb_core.o
    0x08003324   0x0000000c   Code   RO         2706    i.USB_OTG_GetMode   usb_core.o
    0x08003330   0x0000005a   Code   RO         2707    i.USB_OTG_HC_DoPing  usb_core.o
    0x0800338a   0x00000082   Code   RO         2708    i.USB_OTG_HC_Halt   usb_core.o
    0x0800340c   0x00000238   Code   RO         2709    i.USB_OTG_HC_Init   usb_core.o
    0x08003644   0x000001f6   Code   RO         2710    i.USB_OTG_HC_StartXfer  usb_core.o
    0x0800383a   0x00000018   Code   RO         2711    i.USB_OTG_InitFSLSPClkSel  usb_core.o
    0x08003852   0x00000010   Code   RO         2713    i.USB_OTG_IsEvenFrame  usb_core.o
    0x08003862   0x00000014   Code   RO         2714    i.USB_OTG_IsHostMode  usb_core.o
    0x08003876   0x00000010   Code   RO         2715    i.USB_OTG_ReadCoreItr  usb_core.o
    0x08003886   0x00000030   Code   RO         2716    i.USB_OTG_ReadHPRT0  usb_core.o
    0x080038b6   0x00000008   Code   RO         2717    i.USB_OTG_ReadHostAllChannels_intr  usb_core.o
    0x080038be   0x00000028   Code   RO         2719    i.USB_OTG_ReadPacket  usb_core.o
    0x080038e6   0x00000040   Code   RO         2720    i.USB_OTG_ResetPort  usb_core.o
    0x08003926   0x00000002   PAD
    0x08003928   0x000000d0   Code   RO         2721    i.USB_OTG_SelectCore  usb_core.o
    0x080039f8   0x0000004e   Code   RO         2722    i.USB_OTG_SetCurrentMode  usb_core.o
    0x08003a46   0x00000002   PAD
    0x08003a48   0x0000002c   Code   RO         2949    i.USB_OTG_USBH_handle_Disconnect_ISR  usb_hcd_int.o
    0x08003a74   0x00000046   Code   RO         2950    i.USB_OTG_USBH_handle_IncompletePeriodicXfer_ISR  usb_hcd_int.o
    0x08003aba   0x00000056   Code   RO         2951    i.USB_OTG_USBH_handle_hc_ISR  usb_hcd_int.o
    0x08003b10   0x0000042a   Code   RO         2952    i.USB_OTG_USBH_handle_hc_n_In_ISR  usb_hcd_int.o
    0x08003f3a   0x000003d0   Code   RO         2953    i.USB_OTG_USBH_handle_hc_n_Out_ISR  usb_hcd_int.o
    0x0800430a   0x0000012e   Code   RO         2954    i.USB_OTG_USBH_handle_nptxfempty_ISR  usb_hcd_int.o
    0x08004438   0x00000120   Code   RO         2955    i.USB_OTG_USBH_handle_port_ISR  usb_hcd_int.o
    0x08004558   0x0000012e   Code   RO         2956    i.USB_OTG_USBH_handle_ptxfempty_ISR  usb_hcd_int.o
    0x08004686   0x00000164   Code   RO         2957    i.USB_OTG_USBH_handle_rx_qlvl_ISR  usb_hcd_int.o
    0x080047ea   0x00000002   PAD
    0x080047ec   0x0000002c   Code   RO         2958    i.USB_OTG_USBH_handle_sof_ISR  usb_hcd_int.o
    0x08004818   0x00000040   Code   RO         2724    i.USB_OTG_WritePacket  usb_core.o
    0x08004858   0x00000004   Code   RO          227    i.UsageFault_Handler  stm32f10x_it.o
    0x0800485c   0x00000048   Code   RO          635    i.delay_ms          delay.o
    0x080048a4   0x00000002   Code   RO          748    i.fputc             usart.o
    0x080048a6   0x00000002   PAD
    0x080048a8   0x00000100   Code   RO           98    i.main              main.o
    0x080049a8   0x00000038   Code   RO          749    i.usart_app         usart.o
    0x080049e0   0x00000050   Code   RO          750    i.usart_send        usart.o
    0x08004a30   0x00000006   Data   RO          682    .constdata          gpio.o
    0x08004a36   0x00000004   Data   RO         3058    .constdata          c_w.l(sys_io.o)
    0x08004a3a   0x00000004   Data   RO         3059    .constdata          c_w.l(sys_io.o)
    0x08004a3e   0x00000004   Data   RO         3060    .constdata          c_w.l(sys_io.o)
    0x08004a42   0x00000002   PAD
    0x08004a44   0x00000020   Data   RO         3338    Region$$Table       anon$$obj.o


    Execution Region RW_IRAM1 (Base: 0x20000000, Size: 0x00001338, Max: 0x00010000, ABSOLUTE)

    Base Addr    Size         Type   Attr      Idx    E Section Name        Object

    0x20000000   0x00000014   Data   RW           15    .data               system_stm32f10x.o
    0x20000014   0x00000006   Data   RW          100    .data               main.o
    0x2000001a   0x00000002   PAD
    0x2000001c   0x00000057   Data   RW          356    .data               usbh_hid_usr.o
    0x20000073   0x00000001   PAD
    0x20000074   0x00000008   Data   RW          511    .data               usb_bsp.o
    0x2000007c   0x00000018   Data   RW          580    .data               usbh_hid_midi.o
    0x20000094   0x00000004   Data   RW          637    .data               delay.o
    0x20000098   0x0000000b   Data   RW          752    .data               usart.o
    0x200000a3   0x00000001   PAD
    0x200000a4   0x00000003   Data   RW          803    .data               time.o
    0x200000a7   0x00000014   Data   RW         2194    .data               stm32f10x_rcc.o
    0x200000bb   0x00000001   PAD
    0x200000bc   0x00000012   Data   RW         2420    .data               usbh_core.o
    0x200000ce   0x00000003   Data   RW         2615    .data               usbh_stdreq.o
    0x200000d1   0x00000003   PAD
    0x200000d4   0x00000004   Data   RW         3029    .data               c_w.l(stdio_streams.o)
    0x200000d8   0x00000004   Data   RW         3030    .data               c_w.l(stdio_streams.o)
    0x200000dc   0x00000004   Data   RW         3031    .data               c_w.l(stdio_streams.o)
    0x200000e0   0x00000630   Zero   RW           99    .bss                main.o
    0x20000710   0x0000019b   Zero   RW          579    .bss                usbh_hid_midi.o
    0x200008ab   0x0000012c   Zero   RW          751    .bss                usart.o
    0x200009d7   0x00000200   Zero   RW         2614    .bss                usbh_stdreq.o
    0x20000bd7   0x00000001   PAD
    0x20000bd8   0x00000054   Zero   RW         3026    .bss                c_w.l(stdio_streams.o)
    0x20000c2c   0x00000054   Zero   RW         3027    .bss                c_w.l(stdio_streams.o)
    0x20000c80   0x00000054   Zero   RW         3028    .bss                c_w.l(stdio_streams.o)
    0x20000cd4   0x00000060   Zero   RW         3210    .bss                c_w.l(libspace.o)
    0x20000d34   0x00000004   PAD
    0x20000d38   0x00000200   Zero   RW            2    HEAP                startup_stm32f10x_cl.o
    0x20000f38   0x00000400   Zero   RW            1    STACK               startup_stm32f10x_cl.o


==============================================================================

Image component sizes


      Code (inc. data)   RO Data    RW Data    ZI Data      Debug   Object Name

       180         22          0          4          0      15930   delay.o
       244         62          6          0          0       3612   gpio.o
       420         74          0          6       1584      47228   main.o
       152         30          0          0          0       2185   misc.o
        64         26        336          0       1536        924   startup_stm32f10x_cl.o
        52         12          0          0          0       1168   stm32f10x_exti.o
       304          0          0          0          0       3780   stm32f10x_gpio.o
        94         10          0          0          0       6300   stm32f10x_it.o
       508         50          0         20          0       6491   stm32f10x_rcc.o
       270         42          0          0          0       4289   stm32f10x_tim.o
       464          6          0          0          0       6927   stm32f10x_usart.o
       396         32          0         20          0     277925   system_stm32f10x.o
       172         18          0          3          0       1187   time.o
       768        102          0         11        300       4223   usart.o
       464         22          0          8          0       5772   usb_bsp.o
      2996         18          0          0          0      18151   usb_core.o
       190          0          0          0          0       4450   usb_hcd.o
      3702         16          0          0          0      10167   usb_hcd_int.o
      1628         42          0         18          0       8877   usbh_core.o
       390          0          0          0          0       4432   usbh_hcs.o
      1086         90          0         24        411       5612   usbh_hid_midi.o
       100          8          0         87          0      10968   usbh_hid_usr.o
       466          0          0          0          0       4602   usbh_ioreq.o
       942         14          0          3        512       9997   usbh_stdreq.o

    ----------------------------------------------------------------------
     16084        696        374        212       4344     465197   Object Totals
         0          0         32          0          0          0   (incl. Generated)
        32          0          0          8          1          0   (incl. Padding)

    ----------------------------------------------------------------------

      Code (inc. data)   RO Data    RW Data    ZI Data      Debug   Library Member Name

         8          0          0          0          0         68   __main.o
        40          0          0          0          0         84   __printf_nopercent.o
         0          0          0          0          0          0   __rtentry.o
        12          0          0          0          0          0   __rtentry2.o
         6          0          0          0          0          0   __rtentry4.o
        52          8          0          0          0          0   __scatter.o
        26          0          0          0          0          0   __scatter_copy.o
        28          0          0          0          0          0   __scatter_zi.o
        48          6          0          0          0         96   _printf_char_common.o
        36          4          0          0          0         80   _printf_char_file.o
        10          0          0          0          0         68   defsig_exit.o
        50          0          0          0          0         88   defsig_general.o
        80         58          0          0          0         76   defsig_rtmem_inner.o
        14          0          0          0          0         80   defsig_rtmem_outer.o
        52         38          0          0          0         76   defsig_rtred_inner.o
        14          0          0          0          0         80   defsig_rtred_outer.o
        12          0          0          0          0         72   exit.o
        76          0          0          0          0         88   fclose.o
         8          0          0          0          0         68   ferror.o
       236          4          0          0          0        128   fopen.o
       248          6          0          0          0         84   fseek.o
        66          0          0          0          0         76   ftell.o
        94          0          0          0          0         80   h1_alloc.o
        52          0          0          0          0         68   h1_extend.o
        78          0          0          0          0         80   h1_free.o
        14          0          0          0          0         84   h1_init.o
         6          0          0          0          0        152   heapauxi.o
         4          0          0          0          0        136   hguard.o
         0          0          0          0          0          0   indicate_semi.o
       138          0          0          0          0        168   init_alloc.o
       312         46          0          0          0        112   initio.o
         2          0          0          0          0          0   libinit.o
        14          0          0          0          0          0   libinit2.o
         2          0          0          0          0          0   libshutdown.o
         6          0          0          0          0          0   libshutdown2.o
         8          4          0          0         96         68   libspace.o
         0          0          0          0          0          0   maybetermalloc1.o
        24          4          0          0          0         84   noretval__2printf.o
         8          4          0          0          0         68   rt_errno_addr_intlibspace.o
         8          4          0          0          0         68   rt_heap_descriptor_intlibspace.o
        78          0          0          0          0         80   rt_memclr_w.o
         2          0          0          0          0          0   rtexit.o
        10          0          0          0          0          0   rtexit2.o
        70          0          0          0          0         80   setvbuf.o
       240          6          0          0          0        156   stdio.o
         0          0          0         12        252          0   stdio_streams.o
        62          0          0          0          0         76   strlen.o
        12          4          0          0          0         68   sys_exit.o
       102          0         12          0          0        240   sys_io.o
        74          0          0          0          0         80   sys_stackheap_outer.o
        14          0          0          0          0         76   sys_wrch.o
         2          0          0          0          0         68   use_no_semi.o

    ----------------------------------------------------------------------
      2572        196         14         12        352       3404   Library Totals
        14          0          2          0          4          0   (incl. Padding)

    ----------------------------------------------------------------------

      Code (inc. data)   RO Data    RW Data    ZI Data      Debug   Library Name

      2558        196         12         12        348       3404   c_w.l

    ----------------------------------------------------------------------
      2572        196         14         12        352       3404   Library Totals

    ----------------------------------------------------------------------

==============================================================================


      Code (inc. data)   RO Data    RW Data    ZI Data      Debug   

     18656        892        388        224       4696     457885   Grand Totals
     18656        892        388        224       4696     457885   ELF Image Totals
     18656        892        388        224          0          0   ROM Totals

==============================================================================

    Total RO  Size (Code + RO Data)                19044 (  18.60kB)
    Total RW  Size (RW Data + ZI Data)              4920 (   4.80kB)
    Total ROM Size (Code + RO Data + RW Data)      19268 (  18.82kB)

==============================================================================

